
cynbe@al mythryl7.110.58/mythryl7.110.58% history
    96	14:22	history
    97	14:22	time make compiler
    98	14:33	make rest
    99	14:35	make rest
   100	14:36	make rest
   101	14:41	make rest
   102	14:42	slight_lightening: Ref ( ( rgb::Rgb - > { blue: Float, green: Float, red: Float} ) ) }
   103	14:44	history
   104	14:45	make rest
   105	14:49	make rest
   106	14:53	make rest
   107	14:55	make rest
   108	14:56	sudo make install ; make check
   109	14:57	make benchmarks ; make tart
   110	14:58	time make compiler
   111	15:02	make rest
   112	15:04	sudo make install ; make check
   113	15:05	make benchmarks ; make tart
   114	15:06	sh/git-put 'src/lib/x-kit/widget/xkit/theme/packed/default/packed-theme-imp.pkg:  First-cut codeup.'
   115	15:07	history
cynbe@al mythryl7.110.58/mythryl7.110.58% time make compiler;make rest;sudo make install;make check
*** output flushed ***
cynbe@al mythryl7.110.58/mythryl7.110.58% make dist-clean
*** output flushed ***
cynbe@al mythryl7.110.58/mythryl7.110.58% time make compiler
*** output flushed ***
cynbe@al mythryl7.110.58/mythryl7.110.58% make resxt
make: *** No rule to make target `resxt'.  Stop.
cynbe@al mythryl7.110.58/mythryl7.110.58% make rest
*** output flushed ***
cynbe@al mythryl7.110.58/mythryl7.110.58% make rest
*** output flushed ***
cynbe@al mythryl7.110.58/mythryl7.110.58% sudo make install;make check
*** output flushed ***
cynbe@al mythryl7.110.58/mythryl7.110.58% make benchmarks;make tart
*** output flushed ***
cynbe@al mythryl7.110.58/mythryl7.110.58% time make compiler
*** output flushed ***
cynbe@al mythryl7.110.58/mythryl7.110.58% make rest
*** output flushed ***
cynbe@al mythryl7.110.58/mythryl7.110.58% make rest
*** output flushed ***
cynbe@al mythryl7.110.58/mythryl7.110.58% make rest
*** output flushed ***
cynbe@al mythryl7.110.58/mythryl7.110.58% make rest
*** output flushed ***
cynbe@al mythryl7.110.58/mythryl7.110.58% make rest
*** output flushed ***
cynbe@al mythryl7.110.58/mythryl7.110.58% maake rest
maake: Command not found.
cynbe@al mythryl7.110.58/mythryl7.110.58% make rest
*** output flushed ***
cynbe@al mythryl7.110.58/mythryl7.110.58% make rest
*** output flushed ***
cynbe@al mythryl7.110.58/mythryl7.110.58% make rest
*** output flushed ***
cynbe@al mythryl7.110.58/mythryl7.110.58% make dist-clean
*** output flushed ***
cynbe@al mythryl7.110.58/mythryl7.110.58% time make compikler
make: *** No rule to make target `compikler'.  Stop.
0.008u 0.000s 0:00.00 0.0%	0+0k 0+0io 0pf+0w
cynbe@al mythryl7.110.58/mythryl7.110.58% make compiler
*** output flushed ***
cynbe@al mythryl7.110.58/mythryl7.110.58% make rest
*** output flushed ***
cynbe@al mythryl7.110.58/mythryl7.110.58% make etags
cynbe@al mythryl7.110.58/mythryl7.110.58% make dist-clean;time make compiler
*** output flushed ***
cynbe@al mythryl7.110.58/mythryl7.110.58% make rest
*** output flushed ***
cynbe@al mythryl7.110.58/mythryl7.110.58% make rest
*** output flushed ***
cynbe@al mythryl7.110.58/mythryl7.110.58% make rest
sh/make-sourcecode-for-backend-intel32
                           makelib-g.pkg:   Making   library        src/lib/compiler/back/low/tools/arch/make-sourcecode-for-backend-packages.lib
                    libfile-parser-g.pkg:   Reading  library file   src/lib/compiler/back/low/tools/arch/make-sourcecode-for-backend-packages.lib	on behalf of <toplevel>

                    libfile-parser-g.pkg:   Library                 $ROOT/src/app/yacc/src/mythryl-yacc.lib     is up to date.

                    libfile-parser-g.pkg:   Library                 $ROOT/src/lib/compiler/back/low/lib/treecode.lib     is up to date.
                    libfile-parser-g.pkg:   Reading  library file   src/lib/compiler/back/low/lib/rtl.lib             	on behalf of /mythryl7/mythryl7.110.58/mythryl7.110.58/src/lib/compiler/back/low/tools/arch/make-sourcecode-for-backend-packages.lib
                    libfile-parser-g.pkg:   Reading  library file   src/lib/compiler/back/low/tools/line-number-database.lib	on behalf of /mythryl7/mythryl7.110.58/mythryl7.110.58/src/lib/compiler/back/low/tools/arch/make-sourcecode-for-backend-packages.lib
                    libfile-parser-g.pkg:   Reading  library file   src/lib/compiler/back/low/tools/sml-ast.lib       	on behalf of /mythryl7/mythryl7.110.58/mythryl7.110.58/src/lib/compiler/back/low/tools/arch/make-sourcecode-for-backend-packages.lib
                    libfile-parser-g.pkg:   Reading  library file   src/lib/compiler/back/low/tools/precedence-parser.lib	on behalf of /mythryl7/mythryl7.110.58/mythryl7.110.58/src/lib/compiler/back/low/tools/arch/make-sourcecode-for-backend-packages.lib
                    libfile-parser-g.pkg:   Reading  library file   src/lib/compiler/back/low/tools/architecture-parser.lib	on behalf of /mythryl7/mythryl7.110.58/mythryl7.110.58/src/lib/compiler/back/low/tools/arch/make-sourcecode-for-backend-packages.lib
       compile-in-dependency-order-g.pkg:   Loading                 src/lib/compiler/back/low/tools/arch/adl-mapstack.pkg.compiled
       compile-in-dependency-order-g.pkg:   Loading                 src/lib/compiler/back/low/tools/line-number-db/symbol.api.compiled
       compile-in-dependency-order-g.pkg:   Loading                 src/lib/compiler/back/low/tools/line-number-db/symbol.pkg.compiled
       compile-in-dependency-order-g.pkg:   Loading                 src/lib/compiler/back/low/tools/line-number-db/line-number-database.api.compiled
       compile-in-dependency-order-g.pkg:   Loading                 src/lib/compiler/back/low/tools/line-number-db/line-number-database.pkg.compiled
       compile-in-dependency-order-g.pkg:   Loading                 src/lib/compiler/back/low/tools/adl-syntax/adl-raw-syntax-form.api.compiled
       compile-in-dependency-order-g.pkg:   Loading                 src/lib/compiler/back/low/tools/adl-syntax/adl-raw-syntax-form.pkg.compiled
       compile-in-dependency-order-g.pkg:   Loading                 src/lib/compiler/back/low/tools/arch/adl-type-junk.api.compiled
       compile-in-dependency-order-g.pkg:   Loading                 src/lib/compiler/back/low/tools/line-number-db/adl-error.api.compiled
       compile-in-dependency-order-g.pkg:   Loading                 src/lib/compiler/back/low/tools/line-number-db/adl-error.pkg.compiled
       compile-in-dependency-order-g.pkg:   Loading                 src/lib/compiler/back/low/tools/adl-syntax/adl-raw-syntax-junk.api.compiled
       compile-in-dependency-order-g.pkg:   Loading                 src/lib/compiler/back/low/tools/adl-syntax/adl-raw-syntax-junk.pkg.compiled
       compile-in-dependency-order-g.pkg:   Loading                 src/lib/compiler/back/low/tools/adl-syntax/adl-raw-syntax-unparser.api.compiled
       compile-in-dependency-order-g.pkg:   Loading                 src/lib/compiler/back/low/tools/adl-syntax/adl-raw-syntax-unparser.pkg.compiled
       compile-in-dependency-order-g.pkg:   Loading                 src/lib/compiler/back/low/tools/arch/adl-type-junk.pkg.compiled
       compile-in-dependency-order-g.pkg:   Loading                 src/lib/compiler/back/low/tools/arch/adl-symboltable.api.compiled
       compile-in-dependency-order-g.pkg:   Loading                 src/lib/compiler/back/low/tools/arch/adl-symboltable.pkg.compiled
       compile-in-dependency-order-g.pkg:   Loading                 src/lib/compiler/back/low/tools/arch/adl-raw-syntax-predicates.api.compiled
       compile-in-dependency-order-g.pkg:   Loading                 src/lib/compiler/back/low/tools/arch/adl-raw-syntax-predicates-g.pkg.compiled
       compile-in-dependency-order-g.pkg:   Loading                 src/lib/compiler/back/low/tools/arch/adl-raw-syntax-predicates.pkg.compiled
       compile-in-dependency-order-g.pkg:   Loading                 src/lib/compiler/back/low/tools/adl-syntax/adl-raw-syntax-constants.api.compiled
       compile-in-dependency-order-g.pkg:   Loading                 src/lib/compiler/back/low/tools/adl-syntax/adl-raw-syntax-constants.pkg.compiled
       compile-in-dependency-order-g.pkg:   Loading                 src/lib/compiler/back/low/tools/arch/architecture-description.api.compiled
       compile-in-dependency-order-g.pkg:   Loading                 src/lib/compiler/back/low/tools/adl-syntax/adl-rewrite-raw-syntax-parsetree.api.compiled
       compile-in-dependency-order-g.pkg:   Loading                 src/lib/compiler/back/low/tools/adl-syntax/adl-rewrite-raw-syntax-parsetree.pkg.compiled
       compile-in-dependency-order-g.pkg:   Loading                 src/lib/compiler/back/low/tools/arch/architecture-description.pkg.compiled
       compile-in-dependency-order-g.pkg:   Loading                 src/lib/compiler/back/low/treecode/treecode-rtl.api.compiled
       compile-in-dependency-order-g.pkg:   Loading                 src/lib/compiler/back/low/tools/arch/lowhalf-types.api.compiled
       compile-in-dependency-order-g.pkg:   Loading                 src/lib/compiler/back/low/tools/arch/adl-rtl-comp.api.compiled
       compile-in-dependency-order-g.pkg:   Loading                 src/lib/compiler/back/low/tools/arch/sourcecode-making-junk.api.compiled
       compile-in-dependency-order-g.pkg:   Loading                 src/lib/compiler/back/low/tools/arch/sourcecode-making-junk.pkg.compiled
       compile-in-dependency-order-g.pkg:   Loading                 src/lib/compiler/back/low/tools/parser/architecture-description-language.grammar.api.compiled
       compile-in-dependency-order-g.pkg:   Loading                 src/lib/compiler/back/low/tools/precedence-parser/precedence-parser.pkg.compiled
       compile-in-dependency-order-g.pkg:   Loading                 src/lib/compiler/back/low/tools/parser/architecture-description-language.grammar.pkg.compiled
       compile-in-dependency-order-g.pkg:   Loading                 src/lib/compiler/back/low/tools/parser/architecture-description-language.lex.pkg.compiled
       compile-in-dependency-order-g.pkg:   Loading                 src/lib/compiler/back/low/tools/parser/architecture-description-language-parser.api.compiled
       compile-in-dependency-order-g.pkg:   Loading                 src/lib/compiler/back/low/tools/parser/architecture-description-language-parser-g.pkg.compiled
       compile-in-dependency-order-g.pkg:   Loading                 src/lib/compiler/back/low/tools/arch/architecture-description-language-parser.pkg.compiled
       compile-in-dependency-order-g.pkg:   Loading                 src/lib/compiler/back/low/tools/arch/make-sourcecode-for-registerkinds-xxx-package.pkg.compiled
       compile-in-dependency-order-g.pkg:   Loading                 src/lib/compiler/back/low/tools/adl-syntax/adl-raw-syntax-translation.api.compiled
       compile-in-dependency-order-g.pkg:   Loading                 src/lib/compiler/back/low/tools/adl-syntax/adl-raw-syntax-translation.pkg.compiled
       compile-in-dependency-order-g.pkg:   Loading                 src/lib/compiler/back/low/tools/arch/make-sourcecode-for-machcode-xxx-package.pkg.compiled
       compile-in-dependency-order-g.pkg:   Loading                 src/lib/compiler/back/low/tools/arch/make-sourcecode-for-translate-machcode-to-asmcode-xxx-g-package.pkg.compiled
       compile-in-dependency-order-g.pkg:   Loading                 src/lib/compiler/back/low/tools/arch/make-sourcecode-for-translate-machcode-to-execode-xxx-g-package.pkg.compiled
       compile-in-dependency-order-g.pkg:   Loading                 src/lib/compiler/back/low/tools/arch/make-sourcecode-for-package.api.compiled
       compile-in-dependency-order-g.pkg:   Loading                 src/lib/compiler/back/low/tools/arch/adl-dummygen.pkg.compiled
       compile-in-dependency-order-g.pkg:   Loading                 src/lib/compiler/back/low/treecode/treecode-rtl-g.pkg.compiled
       compile-in-dependency-order-g.pkg:   Loading                 src/lib/compiler/back/low/treecode/rtl-build.api.compiled
       compile-in-dependency-order-g.pkg:   Loading                 src/lib/compiler/back/low/treecode/rtl-build-g.pkg.compiled
       compile-in-dependency-order-g.pkg:   Loading                 src/lib/compiler/back/low/tools/arch/adl-rtl.pkg.compiled
       compile-in-dependency-order-g.pkg:   Loading                 src/lib/compiler/back/low/tools/arch/adl-rtl-tools.api.compiled
       compile-in-dependency-order-g.pkg:   Loading                 src/lib/compiler/back/low/tools/arch/adl-rtl-tools-g.pkg.compiled
       compile-in-dependency-order-g.pkg:   Loading                 src/lib/compiler/back/low/tools/arch/adl-rtl-tools.pkg.compiled
       compile-in-dependency-order-g.pkg:   Loading                 src/lib/compiler/back/low/tools/arch/lowhalf-types-g.pkg.compiled
       compile-in-dependency-order-g.pkg:   Loading                 src/lib/compiler/back/low/tools/arch/lowhalf-types.pkg.compiled
       compile-in-dependency-order-g.pkg:   Loading                 src/lib/compiler/back/low/tools/arch/adl-typing.api.compiled
       compile-in-dependency-order-g.pkg:   Loading                 src/lib/compiler/back/low/tools/arch/adl-typing.pkg.compiled
       compile-in-dependency-order-g.pkg:   Loading                 src/lib/compiler/back/low/tools/arch/adl-rtl-comp-g.pkg.compiled
       compile-in-dependency-order-g.pkg:   Loading                 src/lib/compiler/back/low/tools/arch/adl-rtl-comp.pkg.compiled
       compile-in-dependency-order-g.pkg:   Loading                 src/lib/compiler/back/low/tools/arch/adl-gen-module2.api.compiled
       compile-in-dependency-order-g.pkg:   Loading                 src/lib/compiler/back/low/tools/arch/adl-gen-instruction-props.pkg.compiled
       compile-in-dependency-order-g.pkg:   Loading                 src/lib/compiler/back/low/tools/arch/adl-gen-rewrite.pkg.compiled
       compile-in-dependency-order-g.pkg:   Loading                 src/lib/compiler/back/low/tools/arch/adl-gen-rtlprops.pkg.compiled
       compile-in-dependency-order-g.pkg:   Loading                 src/lib/compiler/back/low/tools/arch/adl-gen-ssaprops.pkg.compiled
       compile-in-dependency-order-g.pkg:   Loading                 src/lib/compiler/back/low/tools/arch/make-sourcecode-for-backend-intel32.pkg.compiled
       compile-in-dependency-order-g.pkg:   Loading                 src/lib/compiler/back/low/tools/arch/make-sourcecode-for-backend-packages-g.pkg.compiled
       compile-in-dependency-order-g.pkg:   Loading                 src/lib/compiler/back/low/tools/arch/make-sourcecode-for-backend-sparc32.pkg.compiled
       compile-in-dependency-order-g.pkg:   Loading                 src/lib/compiler/back/low/tools/arch/make-sourcecode-for-backend-packages.pkg.compiled
       compile-in-dependency-order-g.pkg:   Loading                 src/lib/compiler/back/low/tools/arch/make-sourcecode-for-backend-pwrpc32.pkg.compiled
                           makelib-g.pkg:   New names added.
 make-sourcecode-for-backend-intel32.pkg:   Processing              src/lib/compiler/back/low/intel32/intel32.architecture-description
              sourcecode-making-junk.pkg:   Generating              src/lib/compiler/back/low/intel32/code/registerkinds-intel32.codemade.pkg ... file is unchanged.
              sourcecode-making-junk.pkg:   Generating              src/lib/compiler/back/low/intel32/code/machcode-intel32.codemade.api ... file is unchanged.
              sourcecode-making-junk.pkg:   Generating              src/lib/compiler/back/low/intel32/code/machcode-intel32-g.codemade.pkg ... file is unchanged.
              sourcecode-making-junk.pkg:   Generating              src/lib/compiler/back/low/intel32/emit/translate-machcode-to-asmcode-intel32-g.codemade.pkg ... file is unchanged.
              sourcecode-making-junk.pkg:   Generating              src/lib/compiler/back/low/intel32/emit/translate-machcode-to-execode-intel32-g.codemade.pkg.unused ... file is unchanged.
 make-sourcecode-for-backend-intel32.pkg:   Done.                   There were no errors and no warnings.

sh/make-sourcecode-for-backend-pwrpc32
                           makelib-g.pkg:   Making   library        src/lib/compiler/back/low/tools/arch/make-sourcecode-for-backend-packages.lib
                    libfile-parser-g.pkg:   Reading  library file   src/lib/compiler/back/low/tools/arch/make-sourcecode-for-backend-packages.lib	on behalf of <toplevel>

                    libfile-parser-g.pkg:   Library                 $ROOT/src/app/yacc/src/mythryl-yacc.lib     is up to date.

                    libfile-parser-g.pkg:   Library                 $ROOT/src/lib/compiler/back/low/lib/treecode.lib     is up to date.
                    libfile-parser-g.pkg:   Reading  library file   src/lib/compiler/back/low/lib/rtl.lib             	on behalf of /mythryl7/mythryl7.110.58/mythryl7.110.58/src/lib/compiler/back/low/tools/arch/make-sourcecode-for-backend-packages.lib
                    libfile-parser-g.pkg:   Reading  library file   src/lib/compiler/back/low/tools/line-number-database.lib	on behalf of /mythryl7/mythryl7.110.58/mythryl7.110.58/src/lib/compiler/back/low/tools/arch/make-sourcecode-for-backend-packages.lib
                    libfile-parser-g.pkg:   Reading  library file   src/lib/compiler/back/low/tools/sml-ast.lib       	on behalf of /mythryl7/mythryl7.110.58/mythryl7.110.58/src/lib/compiler/back/low/tools/arch/make-sourcecode-for-backend-packages.lib
                    libfile-parser-g.pkg:   Reading  library file   src/lib/compiler/back/low/tools/precedence-parser.lib	on behalf of /mythryl7/mythryl7.110.58/mythryl7.110.58/src/lib/compiler/back/low/tools/arch/make-sourcecode-for-backend-packages.lib
                    libfile-parser-g.pkg:   Reading  library file   src/lib/compiler/back/low/tools/architecture-parser.lib	on behalf of /mythryl7/mythryl7.110.58/mythryl7.110.58/src/lib/compiler/back/low/tools/arch/make-sourcecode-for-backend-packages.lib
       compile-in-dependency-order-g.pkg:   Loading                 src/lib/compiler/back/low/tools/arch/adl-mapstack.pkg.compiled
       compile-in-dependency-order-g.pkg:   Loading                 src/lib/compiler/back/low/tools/line-number-db/symbol.api.compiled
       compile-in-dependency-order-g.pkg:   Loading                 src/lib/compiler/back/low/tools/line-number-db/symbol.pkg.compiled
       compile-in-dependency-order-g.pkg:   Loading                 src/lib/compiler/back/low/tools/line-number-db/line-number-database.api.compiled
       compile-in-dependency-order-g.pkg:   Loading                 src/lib/compiler/back/low/tools/line-number-db/line-number-database.pkg.compiled
       compile-in-dependency-order-g.pkg:   Loading                 src/lib/compiler/back/low/tools/adl-syntax/adl-raw-syntax-form.api.compiled
       compile-in-dependency-order-g.pkg:   Loading                 src/lib/compiler/back/low/tools/adl-syntax/adl-raw-syntax-form.pkg.compiled
       compile-in-dependency-order-g.pkg:   Loading                 src/lib/compiler/back/low/tools/arch/adl-type-junk.api.compiled
       compile-in-dependency-order-g.pkg:   Loading                 src/lib/compiler/back/low/tools/line-number-db/adl-error.api.compiled
       compile-in-dependency-order-g.pkg:   Loading                 src/lib/compiler/back/low/tools/line-number-db/adl-error.pkg.compiled
       compile-in-dependency-order-g.pkg:   Loading                 src/lib/compiler/back/low/tools/adl-syntax/adl-raw-syntax-junk.api.compiled
       compile-in-dependency-order-g.pkg:   Loading                 src/lib/compiler/back/low/tools/adl-syntax/adl-raw-syntax-junk.pkg.compiled
       compile-in-dependency-order-g.pkg:   Loading                 src/lib/compiler/back/low/tools/adl-syntax/adl-raw-syntax-unparser.api.compiled
       compile-in-dependency-order-g.pkg:   Loading                 src/lib/compiler/back/low/tools/adl-syntax/adl-raw-syntax-unparser.pkg.compiled
       compile-in-dependency-order-g.pkg:   Loading                 src/lib/compiler/back/low/tools/arch/adl-type-junk.pkg.compiled
       compile-in-dependency-order-g.pkg:   Loading                 src/lib/compiler/back/low/tools/arch/adl-symboltable.api.compiled
       compile-in-dependency-order-g.pkg:   Loading                 src/lib/compiler/back/low/tools/arch/adl-symboltable.pkg.compiled
       compile-in-dependency-order-g.pkg:   Loading                 src/lib/compiler/back/low/tools/arch/adl-raw-syntax-predicates.api.compiled
       compile-in-dependency-order-g.pkg:   Loading                 src/lib/compiler/back/low/tools/arch/adl-raw-syntax-predicates-g.pkg.compiled
       compile-in-dependency-order-g.pkg:   Loading                 src/lib/compiler/back/low/tools/arch/adl-raw-syntax-predicates.pkg.compiled
       compile-in-dependency-order-g.pkg:   Loading                 src/lib/compiler/back/low/tools/adl-syntax/adl-raw-syntax-constants.api.compiled
       compile-in-dependency-order-g.pkg:   Loading                 src/lib/compiler/back/low/tools/adl-syntax/adl-raw-syntax-constants.pkg.compiled
       compile-in-dependency-order-g.pkg:   Loading                 src/lib/compiler/back/low/tools/arch/architecture-description.api.compiled
       compile-in-dependency-order-g.pkg:   Loading                 src/lib/compiler/back/low/tools/adl-syntax/adl-rewrite-raw-syntax-parsetree.api.compiled
       compile-in-dependency-order-g.pkg:   Loading                 src/lib/compiler/back/low/tools/adl-syntax/adl-rewrite-raw-syntax-parsetree.pkg.compiled
       compile-in-dependency-order-g.pkg:   Loading                 src/lib/compiler/back/low/tools/arch/architecture-description.pkg.compiled
       compile-in-dependency-order-g.pkg:   Loading                 src/lib/compiler/back/low/treecode/treecode-rtl.api.compiled
       compile-in-dependency-order-g.pkg:   Loading                 src/lib/compiler/back/low/tools/arch/lowhalf-types.api.compiled
       compile-in-dependency-order-g.pkg:   Loading                 src/lib/compiler/back/low/tools/arch/adl-rtl-comp.api.compiled
       compile-in-dependency-order-g.pkg:   Loading                 src/lib/compiler/back/low/tools/arch/sourcecode-making-junk.api.compiled
       compile-in-dependency-order-g.pkg:   Loading                 src/lib/compiler/back/low/tools/arch/sourcecode-making-junk.pkg.compiled
       compile-in-dependency-order-g.pkg:   Loading                 src/lib/compiler/back/low/tools/parser/architecture-description-language.grammar.api.compiled
       compile-in-dependency-order-g.pkg:   Loading                 src/lib/compiler/back/low/tools/precedence-parser/precedence-parser.pkg.compiled
       compile-in-dependency-order-g.pkg:   Loading                 src/lib/compiler/back/low/tools/parser/architecture-description-language.grammar.pkg.compiled
       compile-in-dependency-order-g.pkg:   Loading                 src/lib/compiler/back/low/tools/parser/architecture-description-language.lex.pkg.compiled
       compile-in-dependency-order-g.pkg:   Loading                 src/lib/compiler/back/low/tools/parser/architecture-description-language-parser.api.compiled
       compile-in-dependency-order-g.pkg:   Loading                 src/lib/compiler/back/low/tools/parser/architecture-description-language-parser-g.pkg.compiled
       compile-in-dependency-order-g.pkg:   Loading                 src/lib/compiler/back/low/tools/arch/architecture-description-language-parser.pkg.compiled
       compile-in-dependency-order-g.pkg:   Loading                 src/lib/compiler/back/low/tools/arch/make-sourcecode-for-registerkinds-xxx-package.pkg.compiled
       compile-in-dependency-order-g.pkg:   Loading                 src/lib/compiler/back/low/tools/adl-syntax/adl-raw-syntax-translation.api.compiled
       compile-in-dependency-order-g.pkg:   Loading                 src/lib/compiler/back/low/tools/adl-syntax/adl-raw-syntax-translation.pkg.compiled
       compile-in-dependency-order-g.pkg:   Loading                 src/lib/compiler/back/low/tools/arch/make-sourcecode-for-machcode-xxx-package.pkg.compiled
       compile-in-dependency-order-g.pkg:   Loading                 src/lib/compiler/back/low/tools/arch/make-sourcecode-for-translate-machcode-to-asmcode-xxx-g-package.pkg.compiled
       compile-in-dependency-order-g.pkg:   Loading                 src/lib/compiler/back/low/tools/arch/make-sourcecode-for-translate-machcode-to-execode-xxx-g-package.pkg.compiled
       compile-in-dependency-order-g.pkg:   Loading                 src/lib/compiler/back/low/tools/arch/make-sourcecode-for-package.api.compiled
       compile-in-dependency-order-g.pkg:   Loading                 src/lib/compiler/back/low/tools/arch/adl-dummygen.pkg.compiled
       compile-in-dependency-order-g.pkg:   Loading                 src/lib/compiler/back/low/treecode/treecode-rtl-g.pkg.compiled
       compile-in-dependency-order-g.pkg:   Loading                 src/lib/compiler/back/low/treecode/rtl-build.api.compiled
       compile-in-dependency-order-g.pkg:   Loading                 src/lib/compiler/back/low/treecode/rtl-build-g.pkg.compiled
       compile-in-dependency-order-g.pkg:   Loading                 src/lib/compiler/back/low/tools/arch/adl-rtl.pkg.compiled
       compile-in-dependency-order-g.pkg:   Loading                 src/lib/compiler/back/low/tools/arch/adl-rtl-tools.api.compiled
       compile-in-dependency-order-g.pkg:   Loading                 src/lib/compiler/back/low/tools/arch/adl-rtl-tools-g.pkg.compiled
       compile-in-dependency-order-g.pkg:   Loading                 src/lib/compiler/back/low/tools/arch/adl-rtl-tools.pkg.compiled
       compile-in-dependency-order-g.pkg:   Loading                 src/lib/compiler/back/low/tools/arch/lowhalf-types-g.pkg.compiled
       compile-in-dependency-order-g.pkg:   Loading                 src/lib/compiler/back/low/tools/arch/lowhalf-types.pkg.compiled
       compile-in-dependency-order-g.pkg:   Loading                 src/lib/compiler/back/low/tools/arch/adl-typing.api.compiled
       compile-in-dependency-order-g.pkg:   Loading                 src/lib/compiler/back/low/tools/arch/adl-typing.pkg.compiled
       compile-in-dependency-order-g.pkg:   Loading                 src/lib/compiler/back/low/tools/arch/adl-rtl-comp-g.pkg.compiled
       compile-in-dependency-order-g.pkg:   Loading                 src/lib/compiler/back/low/tools/arch/adl-rtl-comp.pkg.compiled
       compile-in-dependency-order-g.pkg:   Loading                 src/lib/compiler/back/low/tools/arch/adl-gen-module2.api.compiled
       compile-in-dependency-order-g.pkg:   Loading                 src/lib/compiler/back/low/tools/arch/adl-gen-instruction-props.pkg.compiled
       compile-in-dependency-order-g.pkg:   Loading                 src/lib/compiler/back/low/tools/arch/adl-gen-rewrite.pkg.compiled
       compile-in-dependency-order-g.pkg:   Loading                 src/lib/compiler/back/low/tools/arch/adl-gen-rtlprops.pkg.compiled
       compile-in-dependency-order-g.pkg:   Loading                 src/lib/compiler/back/low/tools/arch/adl-gen-ssaprops.pkg.compiled
       compile-in-dependency-order-g.pkg:   Loading                 src/lib/compiler/back/low/tools/arch/make-sourcecode-for-backend-intel32.pkg.compiled
       compile-in-dependency-order-g.pkg:   Loading                 src/lib/compiler/back/low/tools/arch/make-sourcecode-for-backend-packages-g.pkg.compiled
       compile-in-dependency-order-g.pkg:   Loading                 src/lib/compiler/back/low/tools/arch/make-sourcecode-for-backend-sparc32.pkg.compiled
       compile-in-dependency-order-g.pkg:   Loading                 src/lib/compiler/back/low/tools/arch/make-sourcecode-for-backend-packages.pkg.compiled
       compile-in-dependency-order-g.pkg:   Loading                 src/lib/compiler/back/low/tools/arch/make-sourcecode-for-backend-pwrpc32.pkg.compiled
                           makelib-g.pkg:   New names added.
 make-sourcecode-for-backend-pwrpc32.pkg:   Processing              src/lib/compiler/back/low/pwrpc32/pwrpc32.architecture-description
              sourcecode-making-junk.pkg:   Generating              src/lib/compiler/back/low/pwrpc32/code/registerkinds-pwrpc32.codemade.pkg ... file is unchanged.
              sourcecode-making-junk.pkg:   Generating              src/lib/compiler/back/low/pwrpc32/code/machcode-pwrpc32.codemade.api ... file is unchanged.
              sourcecode-making-junk.pkg:   Generating              src/lib/compiler/back/low/pwrpc32/code/machcode-pwrpc32-g.codemade.pkg ... file is unchanged.
              sourcecode-making-junk.pkg:   Generating              src/lib/compiler/back/low/pwrpc32/emit/translate-machcode-to-asmcode-pwrpc32-g.codemade.pkg ... file is unchanged.
              sourcecode-making-junk.pkg:   Generating              src/lib/compiler/back/low/pwrpc32/emit/translate-machcode-to-execode-pwrpc32-g.codemade.pkg ... file is unchanged.
 make-sourcecode-for-backend-pwrpc32.pkg:   Done.                   There were no errors and no warnings.

sh/make-sourcecode-for-backend-sparc32
                           makelib-g.pkg:   Making   library        src/lib/compiler/back/low/tools/arch/make-sourcecode-for-backend-packages.lib
                    libfile-parser-g.pkg:   Reading  library file   src/lib/compiler/back/low/tools/arch/make-sourcecode-for-backend-packages.lib	on behalf of <toplevel>

                    libfile-parser-g.pkg:   Library                 $ROOT/src/app/yacc/src/mythryl-yacc.lib     is up to date.

                    libfile-parser-g.pkg:   Library                 $ROOT/src/lib/compiler/back/low/lib/treecode.lib     is up to date.
                    libfile-parser-g.pkg:   Reading  library file   src/lib/compiler/back/low/lib/rtl.lib             	on behalf of /mythryl7/mythryl7.110.58/mythryl7.110.58/src/lib/compiler/back/low/tools/arch/make-sourcecode-for-backend-packages.lib
                    libfile-parser-g.pkg:   Reading  library file   src/lib/compiler/back/low/tools/line-number-database.lib	on behalf of /mythryl7/mythryl7.110.58/mythryl7.110.58/src/lib/compiler/back/low/tools/arch/make-sourcecode-for-backend-packages.lib
                    libfile-parser-g.pkg:   Reading  library file   src/lib/compiler/back/low/tools/sml-ast.lib       	on behalf of /mythryl7/mythryl7.110.58/mythryl7.110.58/src/lib/compiler/back/low/tools/arch/make-sourcecode-for-backend-packages.lib
                    libfile-parser-g.pkg:   Reading  library file   src/lib/compiler/back/low/tools/precedence-parser.lib	on behalf of /mythryl7/mythryl7.110.58/mythryl7.110.58/src/lib/compiler/back/low/tools/arch/make-sourcecode-for-backend-packages.lib
                    libfile-parser-g.pkg:   Reading  library file   src/lib/compiler/back/low/tools/architecture-parser.lib	on behalf of /mythryl7/mythryl7.110.58/mythryl7.110.58/src/lib/compiler/back/low/tools/arch/make-sourcecode-for-backend-packages.lib
       compile-in-dependency-order-g.pkg:   Loading                 src/lib/compiler/back/low/tools/arch/adl-mapstack.pkg.compiled
       compile-in-dependency-order-g.pkg:   Loading                 src/lib/compiler/back/low/tools/line-number-db/symbol.api.compiled
       compile-in-dependency-order-g.pkg:   Loading                 src/lib/compiler/back/low/tools/line-number-db/symbol.pkg.compiled
       compile-in-dependency-order-g.pkg:   Loading                 src/lib/compiler/back/low/tools/line-number-db/line-number-database.api.compiled
       compile-in-dependency-order-g.pkg:   Loading                 src/lib/compiler/back/low/tools/line-number-db/line-number-database.pkg.compiled
       compile-in-dependency-order-g.pkg:   Loading                 src/lib/compiler/back/low/tools/adl-syntax/adl-raw-syntax-form.api.compiled
       compile-in-dependency-order-g.pkg:   Loading                 src/lib/compiler/back/low/tools/adl-syntax/adl-raw-syntax-form.pkg.compiled
       compile-in-dependency-order-g.pkg:   Loading                 src/lib/compiler/back/low/tools/arch/adl-type-junk.api.compiled
       compile-in-dependency-order-g.pkg:   Loading                 src/lib/compiler/back/low/tools/line-number-db/adl-error.api.compiled
       compile-in-dependency-order-g.pkg:   Loading                 src/lib/compiler/back/low/tools/line-number-db/adl-error.pkg.compiled
       compile-in-dependency-order-g.pkg:   Loading                 src/lib/compiler/back/low/tools/adl-syntax/adl-raw-syntax-junk.api.compiled
       compile-in-dependency-order-g.pkg:   Loading                 src/lib/compiler/back/low/tools/adl-syntax/adl-raw-syntax-junk.pkg.compiled
       compile-in-dependency-order-g.pkg:   Loading                 src/lib/compiler/back/low/tools/adl-syntax/adl-raw-syntax-unparser.api.compiled
       compile-in-dependency-order-g.pkg:   Loading                 src/lib/compiler/back/low/tools/adl-syntax/adl-raw-syntax-unparser.pkg.compiled
       compile-in-dependency-order-g.pkg:   Loading                 src/lib/compiler/back/low/tools/arch/adl-type-junk.pkg.compiled
       compile-in-dependency-order-g.pkg:   Loading                 src/lib/compiler/back/low/tools/arch/adl-symboltable.api.compiled
       compile-in-dependency-order-g.pkg:   Loading                 src/lib/compiler/back/low/tools/arch/adl-symboltable.pkg.compiled
       compile-in-dependency-order-g.pkg:   Loading                 src/lib/compiler/back/low/tools/arch/adl-raw-syntax-predicates.api.compiled
       compile-in-dependency-order-g.pkg:   Loading                 src/lib/compiler/back/low/tools/arch/adl-raw-syntax-predicates-g.pkg.compiled
       compile-in-dependency-order-g.pkg:   Loading                 src/lib/compiler/back/low/tools/arch/adl-raw-syntax-predicates.pkg.compiled
       compile-in-dependency-order-g.pkg:   Loading                 src/lib/compiler/back/low/tools/adl-syntax/adl-raw-syntax-constants.api.compiled
       compile-in-dependency-order-g.pkg:   Loading                 src/lib/compiler/back/low/tools/adl-syntax/adl-raw-syntax-constants.pkg.compiled
       compile-in-dependency-order-g.pkg:   Loading                 src/lib/compiler/back/low/tools/arch/architecture-description.api.compiled
       compile-in-dependency-order-g.pkg:   Loading                 src/lib/compiler/back/low/tools/adl-syntax/adl-rewrite-raw-syntax-parsetree.api.compiled
       compile-in-dependency-order-g.pkg:   Loading                 src/lib/compiler/back/low/tools/adl-syntax/adl-rewrite-raw-syntax-parsetree.pkg.compiled
       compile-in-dependency-order-g.pkg:   Loading                 src/lib/compiler/back/low/tools/arch/architecture-description.pkg.compiled
       compile-in-dependency-order-g.pkg:   Loading                 src/lib/compiler/back/low/treecode/treecode-rtl.api.compiled
       compile-in-dependency-order-g.pkg:   Loading                 src/lib/compiler/back/low/tools/arch/lowhalf-types.api.compiled
       compile-in-dependency-order-g.pkg:   Loading                 src/lib/compiler/back/low/tools/arch/adl-rtl-comp.api.compiled
       compile-in-dependency-order-g.pkg:   Loading                 src/lib/compiler/back/low/tools/arch/sourcecode-making-junk.api.compiled
       compile-in-dependency-order-g.pkg:   Loading                 src/lib/compiler/back/low/tools/arch/sourcecode-making-junk.pkg.compiled
       compile-in-dependency-order-g.pkg:   Loading                 src/lib/compiler/back/low/tools/parser/architecture-description-language.grammar.api.compiled
       compile-in-dependency-order-g.pkg:   Loading                 src/lib/compiler/back/low/tools/precedence-parser/precedence-parser.pkg.compiled
       compile-in-dependency-order-g.pkg:   Loading                 src/lib/compiler/back/low/tools/parser/architecture-description-language.grammar.pkg.compiled
       compile-in-dependency-order-g.pkg:   Loading                 src/lib/compiler/back/low/tools/parser/architecture-description-language.lex.pkg.compiled
       compile-in-dependency-order-g.pkg:   Loading                 src/lib/compiler/back/low/tools/parser/architecture-description-language-parser.api.compiled
       compile-in-dependency-order-g.pkg:   Loading                 src/lib/compiler/back/low/tools/parser/architecture-description-language-parser-g.pkg.compiled
       compile-in-dependency-order-g.pkg:   Loading                 src/lib/compiler/back/low/tools/arch/architecture-description-language-parser.pkg.compiled
       compile-in-dependency-order-g.pkg:   Loading                 src/lib/compiler/back/low/tools/arch/make-sourcecode-for-registerkinds-xxx-package.pkg.compiled
       compile-in-dependency-order-g.pkg:   Loading                 src/lib/compiler/back/low/tools/adl-syntax/adl-raw-syntax-translation.api.compiled
       compile-in-dependency-order-g.pkg:   Loading                 src/lib/compiler/back/low/tools/adl-syntax/adl-raw-syntax-translation.pkg.compiled
       compile-in-dependency-order-g.pkg:   Loading                 src/lib/compiler/back/low/tools/arch/make-sourcecode-for-machcode-xxx-package.pkg.compiled
       compile-in-dependency-order-g.pkg:   Loading                 src/lib/compiler/back/low/tools/arch/make-sourcecode-for-translate-machcode-to-asmcode-xxx-g-package.pkg.compiled
       compile-in-dependency-order-g.pkg:   Loading                 src/lib/compiler/back/low/tools/arch/make-sourcecode-for-translate-machcode-to-execode-xxx-g-package.pkg.compiled
       compile-in-dependency-order-g.pkg:   Loading                 src/lib/compiler/back/low/tools/arch/make-sourcecode-for-package.api.compiled
       compile-in-dependency-order-g.pkg:   Loading                 src/lib/compiler/back/low/tools/arch/adl-dummygen.pkg.compiled
       compile-in-dependency-order-g.pkg:   Loading                 src/lib/compiler/back/low/treecode/treecode-rtl-g.pkg.compiled
       compile-in-dependency-order-g.pkg:   Loading                 src/lib/compiler/back/low/treecode/rtl-build.api.compiled
       compile-in-dependency-order-g.pkg:   Loading                 src/lib/compiler/back/low/treecode/rtl-build-g.pkg.compiled
       compile-in-dependency-order-g.pkg:   Loading                 src/lib/compiler/back/low/tools/arch/adl-rtl.pkg.compiled
       compile-in-dependency-order-g.pkg:   Loading                 src/lib/compiler/back/low/tools/arch/adl-rtl-tools.api.compiled
       compile-in-dependency-order-g.pkg:   Loading                 src/lib/compiler/back/low/tools/arch/adl-rtl-tools-g.pkg.compiled
       compile-in-dependency-order-g.pkg:   Loading                 src/lib/compiler/back/low/tools/arch/adl-rtl-tools.pkg.compiled
       compile-in-dependency-order-g.pkg:   Loading                 src/lib/compiler/back/low/tools/arch/lowhalf-types-g.pkg.compiled
       compile-in-dependency-order-g.pkg:   Loading                 src/lib/compiler/back/low/tools/arch/lowhalf-types.pkg.compiled
       compile-in-dependency-order-g.pkg:   Loading                 src/lib/compiler/back/low/tools/arch/adl-typing.api.compiled
       compile-in-dependency-order-g.pkg:   Loading                 src/lib/compiler/back/low/tools/arch/adl-typing.pkg.compiled
       compile-in-dependency-order-g.pkg:   Loading                 src/lib/compiler/back/low/tools/arch/adl-rtl-comp-g.pkg.compiled
       compile-in-dependency-order-g.pkg:   Loading                 src/lib/compiler/back/low/tools/arch/adl-rtl-comp.pkg.compiled
       compile-in-dependency-order-g.pkg:   Loading                 src/lib/compiler/back/low/tools/arch/adl-gen-module2.api.compiled
       compile-in-dependency-order-g.pkg:   Loading                 src/lib/compiler/back/low/tools/arch/adl-gen-instruction-props.pkg.compiled
       compile-in-dependency-order-g.pkg:   Loading                 src/lib/compiler/back/low/tools/arch/adl-gen-rewrite.pkg.compiled
       compile-in-dependency-order-g.pkg:   Loading                 src/lib/compiler/back/low/tools/arch/adl-gen-rtlprops.pkg.compiled
       compile-in-dependency-order-g.pkg:   Loading                 src/lib/compiler/back/low/tools/arch/adl-gen-ssaprops.pkg.compiled
       compile-in-dependency-order-g.pkg:   Loading                 src/lib/compiler/back/low/tools/arch/make-sourcecode-for-backend-intel32.pkg.compiled
       compile-in-dependency-order-g.pkg:   Loading                 src/lib/compiler/back/low/tools/arch/make-sourcecode-for-backend-packages-g.pkg.compiled
       compile-in-dependency-order-g.pkg:   Loading                 src/lib/compiler/back/low/tools/arch/make-sourcecode-for-backend-sparc32.pkg.compiled
       compile-in-dependency-order-g.pkg:   Loading                 src/lib/compiler/back/low/tools/arch/make-sourcecode-for-backend-packages.pkg.compiled
       compile-in-dependency-order-g.pkg:   Loading                 src/lib/compiler/back/low/tools/arch/make-sourcecode-for-backend-pwrpc32.pkg.compiled
                           makelib-g.pkg:   New names added.
 make-sourcecode-for-backend-sparc32.pkg:   Processing              src/lib/compiler/back/low/sparc32/sparc32.architecture-description
              sourcecode-making-junk.pkg:   Generating              src/lib/compiler/back/low/sparc32/code/registerkinds-sparc32.codemade.pkg ... file is unchanged.
              sourcecode-making-junk.pkg:   Generating              src/lib/compiler/back/low/sparc32/code/machcode-sparc32.codemade.api ... file is unchanged.
              sourcecode-making-junk.pkg:   Generating              src/lib/compiler/back/low/sparc32/code/machcode-sparc32-g.codemade.pkg ... file is unchanged.
              sourcecode-making-junk.pkg:   Generating              src/lib/compiler/back/low/sparc32/emit/translate-machcode-to-asmcode-sparc32-g.codemade.pkg ... file is unchanged.
              sourcecode-making-junk.pkg:   Generating              src/lib/compiler/back/low/sparc32/emit/translate-machcode-to-execode-sparc32-g.codemade.pkg ... file is unchanged.
 make-sourcecode-for-backend-sparc32.pkg:   Done.                   There were no errors and no warnings.

mv bin/mythryl-yacc bin/mythryl-yacc.old
mv bin/mythryl-lex  bin/mythryl-lex.old
make rest3
make[1]: Entering directory `/mythryl7/mythryl7.110.58/mythryl7.110.58'
(cd src/app/yacc; ./build-yacc-app)

-----------------------------------------------------
                          build-yacc-app:   Starting.
                          build-yacc-app:   Entering /mythryl7/mythryl7.110.58/mythryl7.110.58/src/app/yacc/src
                          build-yacc-app:   Doing:                  /mythryl7/mythryl7.110.58/mythryl7.110.58/bin/build-an-executable-mythryl-heap-image mythryl-yacc.lib export_parse_fn::parse_fn mythryl-yacc
 _build-an-executable-mythryl-heap-image:   Starting.
 _build-an-executable-mythryl-heap-image:   main=export_parse_fn::parse_fn (II)
 _build-an-executable-mythryl-heap-image:   main=export_parse_fn::parse_fn (after sed)
 _build-an-executable-mythryl-heap-image:   Listing tmp-makelib-pid-13849-export.pkg:

package xyzzy_plugh { my _ = lib7::spawn_to_disk ("mythryl-yacc", export_parse_fn::parse_fn); };

 _build-an-executable-mythryl-heap-image:   Listing libfile:

LIBRARY_EXPORTS pkg xyzzy_plugh LIBRARY_COMPONENTS $ROOT/src/lib/std/standard.lib mythryl-yacc.lib tmp-makelib-pid-13849-export.pkg

 _build-an-executable-mythryl-heap-image:   Doing:                  "/mythryl7/mythryl7.110.58/mythryl7.110.58/bin/mythryld"  --build-an-executable-mythryl-heap-image  "mythryl-yacc.lib" "tmp-makelib-pid-13849-export.lib" "mythryl-yacc" "tmp-makelib-pid-13849.COMPILED_FILES_TO_LOAD" "tmp-makelib-pid-13849.LINKARGS"

                    libfile-parser-g.pkg:   Library                 /mythryl7/mythryl7.110.58/mythryl7.110.58/src/app/yacc/src/mythryl-yacc.lib     is up to date.
                    libfile-parser-g.pkg:   Reading  library file   tmp-makelib-pid-13849-export.lib                  	on behalf of <toplevel>
                      thawedlib-tome.pkg:   Parsing   source file   tmp-makelib-pid-13849-export.pkg
       compile-in-dependency-order-g.pkg:   Compiling source file   tmp-makelib-pid-13849-export.pkg                  

                           makelib-g.pkg:   Creating file 'tmp-makelib-pid-13849.COMPILED_FILES_TO_LOAD'



                           makelib-g.pkg:   Creating file 'tmp-makelib-pid-13849.LINKARGS'


 _build-an-executable-mythryl-heap-image:   Doing:  	              "/mythryl7/mythryl7.110.58/mythryl7.110.58/bin/mythryl-ld" `cat "tmp-makelib-pid-13849.LINKARGS"`

----------------------------------------------------
                          bin/mythryl-ld:   Starting
                          bin/mythryl-ld:   Exec()'ing                              /mythryl7/mythryl7.110.58/mythryl7.110.58/bin/mythryl-runtime-intel32 --runtime-compiledfiles-to-load=tmp-makelib-pid-13849.COMPILED_FILES_TO_LOAD 

                    load-compiledfiles.c:   Writing load log to     load-compiledfiles.c.log

                    load-compiledfiles.c:   Reading   file          tmp-makelib-pid-13849.COMPILED_FILES_TO_LOAD

                            export-fun.c:   Writing   executable (heap image) /mythryl7/mythryl7.110.58/mythryl7.110.58/src/app/yacc/src/mythryl-yacc

                          build-yacc-app:   mythryl-yacc created.
                          build-yacc-app:   Removing /mythryl7/mythryl7.110.58/mythryl7.110.58/bin/mythryl-yacc.old
                          build-yacc-app:   Installing mythryl-yacc as /mythryl7/mythryl7.110.58/mythryl7.110.58/bin/mythryl-yacc
                          build-yacc-app:   Done.



(cd src/app/lex; ./build-lex-app)

----------------------------
                           build-lex-app:  Starting.
src/app/lex/build doing:   /mythryl7/mythryl7.110.58/mythryl7.110.58/bin/build-an-executable-mythryl-heap-image mythryl-lex.lib export_lex_fn::lex_fn mythryl-lex
 _build-an-executable-mythryl-heap-image:   Starting.
 _build-an-executable-mythryl-heap-image:   main=export_lex_fn::lex_fn (II)
 _build-an-executable-mythryl-heap-image:   main=export_lex_fn::lex_fn (after sed)
 _build-an-executable-mythryl-heap-image:   Listing tmp-makelib-pid-13884-export.pkg:

package xyzzy_plugh { my _ = lib7::spawn_to_disk ("mythryl-lex", export_lex_fn::lex_fn); };

 _build-an-executable-mythryl-heap-image:   Listing libfile:

LIBRARY_EXPORTS pkg xyzzy_plugh LIBRARY_COMPONENTS $ROOT/src/lib/std/standard.lib mythryl-lex.lib tmp-makelib-pid-13884-export.pkg

 _build-an-executable-mythryl-heap-image:   Doing:                  "/mythryl7/mythryl7.110.58/mythryl7.110.58/bin/mythryld"  --build-an-executable-mythryl-heap-image  "mythryl-lex.lib" "tmp-makelib-pid-13884-export.lib" "mythryl-lex" "tmp-makelib-pid-13884.COMPILED_FILES_TO_LOAD" "tmp-makelib-pid-13884.LINKARGS"

                    libfile-parser-g.pkg:   Library                 /mythryl7/mythryl7.110.58/mythryl7.110.58/src/app/lex/mythryl-lex.lib     is up to date.
                    libfile-parser-g.pkg:   Reading  library file   tmp-makelib-pid-13884-export.lib                  	on behalf of <toplevel>
                      thawedlib-tome.pkg:   Parsing   source file   tmp-makelib-pid-13884-export.pkg
       compile-in-dependency-order-g.pkg:   Compiling source file   tmp-makelib-pid-13884-export.pkg                  

                           makelib-g.pkg:   Creating file 'tmp-makelib-pid-13884.COMPILED_FILES_TO_LOAD'



                           makelib-g.pkg:   Creating file 'tmp-makelib-pid-13884.LINKARGS'


 _build-an-executable-mythryl-heap-image:   Doing:  	              "/mythryl7/mythryl7.110.58/mythryl7.110.58/bin/mythryl-ld" `cat "tmp-makelib-pid-13884.LINKARGS"`

----------------------------------------------------
                          bin/mythryl-ld:   Starting
                          bin/mythryl-ld:   Exec()'ing                              /mythryl7/mythryl7.110.58/mythryl7.110.58/bin/mythryl-runtime-intel32 --runtime-compiledfiles-to-load=tmp-makelib-pid-13884.COMPILED_FILES_TO_LOAD 

                    load-compiledfiles.c:   Writing load log to     load-compiledfiles.c.log

                    load-compiledfiles.c:   Reading   file          tmp-makelib-pid-13884.COMPILED_FILES_TO_LOAD

                            export-fun.c:   Writing   executable (heap image) /mythryl7/mythryl7.110.58/mythryl7.110.58/src/app/lex/mythryl-lex

                           build-lex-app:   mythryl-lex created.
                           build-lex-app:   Removing /mythryl7/mythryl7.110.58/mythryl7.110.58/bin/mythryl-lex.old
                           build-lex-app:   Installing mythryl-lex as /mythryl7/mythryl7.110.58/mythryl7.110.58/bin/mythryl-lex
                           build-lex-app:   Done.



(cd src/app/burg; ./build-mythryl-burg-fraser-hanson-proebsting-92-optimal-tree-rewriter-app)

---------------------------------
src/app/burg/build-fraser-hanson-proebsting-burg-optimal-tree-rewriter-app:  Starting.
src/app/burg/build-mythryl-burg-fraser-hanson-proebsting-92-optimal-tree-rewriter-app doing:   /mythryl7/mythryl7.110.58/mythryl7.110.58/bin/build-an-executable-mythryl-heap-image mythryl-burg.lib mythryl_burg_fraser_hanson_proebsting_optimal_tree_rewriter.main mythryl-burg-fraser-hanson-proebsting-92-optimal-tree-rewriter
 _build-an-executable-mythryl-heap-image:   Starting.
 _build-an-executable-mythryl-heap-image:   main=mythryl_burg_fraser_hanson_proebsting_optimal_tree_rewriter.main (II)
 _build-an-executable-mythryl-heap-image:   main=mythryl_burg_fraser_hanson_proebsting_optimal_tree_rewriter::main (after sed)
 _build-an-executable-mythryl-heap-image:   Listing tmp-makelib-pid-13919-export.pkg:

package xyzzy_plugh { my _ = lib7::spawn_to_disk ("mythryl-burg-fraser-hanson-proebsting-92-optimal-tree-rewriter", mythryl_burg_fraser_hanson_proebsting_optimal_tree_rewriter::main); };

 _build-an-executable-mythryl-heap-image:   Listing libfile:

LIBRARY_EXPORTS pkg xyzzy_plugh LIBRARY_COMPONENTS $ROOT/src/lib/std/standard.lib mythryl-burg.lib tmp-makelib-pid-13919-export.pkg

 _build-an-executable-mythryl-heap-image:   Doing:                  "/mythryl7/mythryl7.110.58/mythryl7.110.58/bin/mythryld"  --build-an-executable-mythryl-heap-image  "mythryl-burg.lib" "tmp-makelib-pid-13919-export.lib" "mythryl-burg-fraser-hanson-proebsting-92-optimal-tree-rewriter" "tmp-makelib-pid-13919.COMPILED_FILES_TO_LOAD" "tmp-makelib-pid-13919.LINKARGS"
                    libfile-parser-g.pkg:   Reading  library file   mythryl-burg.lib                                  	on behalf of <toplevel>
       compile-in-dependency-order-g.pkg:   Loading                 burg-ast.pkg.compiled
       compile-in-dependency-order-g.pkg:   Loading                 burg.grammar.api.compiled
       compile-in-dependency-order-g.pkg:   Loading                 burg.grammar.pkg.compiled
       compile-in-dependency-order-g.pkg:   Loading                 error-message.pkg.compiled
       compile-in-dependency-order-g.pkg:   Loading                 burg.lex.pkg.compiled
       compile-in-dependency-order-g.pkg:   Loading                 parse.pkg.compiled
       compile-in-dependency-order-g.pkg:   Loading                 burg.pkg.compiled
       compile-in-dependency-order-g.pkg:   Loading                 mythryl-burg-fraser-hanson-proebsting-92-optimal-tree-rewriter.pkg.compiled
                    libfile-parser-g.pkg:   Reading  library file   tmp-makelib-pid-13919-export.lib                  	on behalf of <toplevel>
                    libfile-parser-g.pkg:   Reading  library file   mythryl-burg.lib                                  	on behalf of /mythryl7/mythryl7.110.58/mythryl7.110.58/src/app/burg/tmp-makelib-pid-13919-export.lib
                      thawedlib-tome.pkg:   Parsing   source file   tmp-makelib-pid-13919-export.pkg
       compile-in-dependency-order-g.pkg:   Compiling source file   tmp-makelib-pid-13919-export.pkg                  

                           makelib-g.pkg:   Creating file 'tmp-makelib-pid-13919.COMPILED_FILES_TO_LOAD'



                           makelib-g.pkg:   Creating file 'tmp-makelib-pid-13919.LINKARGS'


 _build-an-executable-mythryl-heap-image:   Doing:  	              "/mythryl7/mythryl7.110.58/mythryl7.110.58/bin/mythryl-ld" `cat "tmp-makelib-pid-13919.LINKARGS"`

----------------------------------------------------
                          bin/mythryl-ld:   Starting
                          bin/mythryl-ld:   Exec()'ing                              /mythryl7/mythryl7.110.58/mythryl7.110.58/bin/mythryl-runtime-intel32 --runtime-compiledfiles-to-load=tmp-makelib-pid-13919.COMPILED_FILES_TO_LOAD 

                    load-compiledfiles.c:   Writing load log to     load-compiledfiles.c.log

                    load-compiledfiles.c:   Reading   file          tmp-makelib-pid-13919.COMPILED_FILES_TO_LOAD

                            export-fun.c:   Writing   executable (heap image) /mythryl7/mythryl7.110.58/mythryl7.110.58/src/app/burg/mythryl-burg-fraser-hanson-proebsting-92-optimal-tree-rewriter

src/app/burg/build-mythryl-burg-fraser-hanson-proebsting-92-optimal-tree-rewriter-app:   mythryl-burg-fraser-hanson-proebsting-92-optimal-tree-rewriter created.
src/app/burg/build-mythryl-burg-fraser-hanson-proebsting-92-optimal-tree-rewriter-app:   Removing /mythryl7/mythryl7.110.58/mythryl7.110.58/bin/mythryl-burg-fraser-hanson-proebsting-92-optimal-tree-rewriter.old
src/app/burg/build-mythryl-burg-fraser-hanson-proebsting-92-optimal-tree-rewriter-app:   Saving /mythryl7/mythryl7.110.58/mythryl7.110.58/bin/mythryl-burg-fraser-hanson-proebsting-92-optimal-tree-rewriter as /mythryl7/mythryl7.110.58/mythryl7.110.58/bin/mythryl-burg-fraser-hanson-proebsting-92-optimal-tree-rewriter.old
src/app/burg/build-mythryl-burg-fraser-hanson-proebsting-92-optimal-tree-rewriter-app:   Installing mythryl-burg-fraser-hanson-proebsting-92-optimal-tree-rewriter as /mythryl7/mythryl7.110.58/mythryl7.110.58/bin/mythryl-burg-fraser-hanson-proebsting-92-optimal-tree-rewriter
src/app/burg/build-mythryl-burg-fraser-hanson-proebsting-92-optimal-tree-rewriter-app:  Done.



                           makelib-g.pkg:   Making   library        src/lib/x-kit/xkit.lib
                    libfile-parser-g.pkg:   Reading  library file   src/lib/x-kit/xkit.lib                            	on behalf of <toplevel>
                    libfile-parser-g.pkg:   Reading  library file   src/lib/x-kit/xclient/xclient.sublib              	on behalf of /mythryl7/mythryl7.110.58/mythryl7.110.58/src/lib/x-kit/xkit.lib
                    libfile-parser-g.pkg:   Reading  library file   src/lib/x-kit/xclient/xclient-internals.sublib    	on behalf of /mythryl7/mythryl7.110.58/mythryl7.110.58/src/lib/x-kit/xkit.lib
                    libfile-parser-g.pkg:   Reading  library file   src/lib/x-kit/draw/xkit-draw.sublib               	on behalf of /mythryl7/mythryl7.110.58/mythryl7.110.58/src/lib/x-kit/xkit.lib
                    libfile-parser-g.pkg:   Reading  library file   src/lib/x-kit/widget/xkit-widget.sublib           	on behalf of /mythryl7/mythryl7.110.58/mythryl7.110.58/src/lib/x-kit/xkit.lib
                    libfile-parser-g.pkg:   Reading  library file   src/lib/x-kit/style/xkit-style.sublib             	on behalf of /mythryl7/mythryl7.110.58/mythryl7.110.58/src/lib/x-kit/xkit.lib
alarm_handler/AAA  -- microthread-preemptive-scheduler.pkg
                      thawedlib-tome.pkg:   Parsing   source file   src/lib/x-kit/widget/xkit/theme/packed/default/packed-theme-imp.pkg
       compile-in-dependency-order-g.pkg:   Loading                 src/lib/x-kit/style/quark.api.compiled
       compile-in-dependency-order-g.pkg:   Loading                 src/lib/x-kit/style/quark.pkg.compiled
       compile-in-dependency-order-g.pkg:   Loading                 src/lib/x-kit/xclient/xclient.api.compiled
       compile-in-dependency-order-g.pkg:   Loading                 src/lib/x-kit/xclient/src/wire/crack-xserver-address.api.compiled
       compile-in-dependency-order-g.pkg:   Loading                 src/lib/x-kit/xclient/src/wire/crack-xserver-address.pkg.compiled
       compile-in-dependency-order-g.pkg:   Loading                 src/lib/x-kit/xclient/src/wire/xserver-timestamp.api.compiled
       compile-in-dependency-order-g.pkg:   Loading                 src/lib/x-kit/xclient/src/wire/xserver-timestamp.pkg.compiled
       compile-in-dependency-order-g.pkg:   Loading                 src/lib/x-kit/xclient/src/color/x11-color-name.api.compiled
       compile-in-dependency-order-g.pkg:   Loading                 src/lib/x-kit/xclient/src/color/x11-color-name.pkg.compiled
       compile-in-dependency-order-g.pkg:   Loading                 src/lib/x-kit/xclient/src/color/rgb.api.compiled
       compile-in-dependency-order-g.pkg:   Loading                 src/lib/x-kit/xclient/src/color/rgb.pkg.compiled
       compile-in-dependency-order-g.pkg:   Loading                 src/lib/x-kit/xclient/src/color/rgb8.api.compiled
       compile-in-dependency-order-g.pkg:   Loading                 src/lib/x-kit/xclient/src/color/rgb8.pkg.compiled
       compile-in-dependency-order-g.pkg:   Loading                 src/lib/x-kit/xclient/src/wire/xtypes.api.compiled
       compile-in-dependency-order-g.pkg:   Loading                 src/lib/x-kit/xclient/src/wire/xtypes.pkg.compiled
       compile-in-dependency-order-g.pkg:   Loading                 src/lib/x-kit/xclient/src/to-string/xserver-info-to-string.api.compiled
       compile-in-dependency-order-g.pkg:   Loading                 src/lib/x-kit/xclient/src/to-string/xserver-info-to-string.pkg.compiled
       compile-in-dependency-order-g.pkg:   Loading                 src/lib/x-kit/xclient/src/wire/xevent-types.pkg.compiled
       compile-in-dependency-order-g.pkg:   Loading                 src/lib/x-kit/xclient/src/wire/xerrors.pkg.compiled
       compile-in-dependency-order-g.pkg:   Loading                 src/lib/x-kit/xclient/src/stuff/xgripe.pkg.compiled
       compile-in-dependency-order-g.pkg:   Loading                 src/lib/x-kit/xclient/src/stuff/xlogger.pkg.compiled
       compile-in-dependency-order-g.pkg:   Loading                 src/lib/x-kit/xclient/src/wire/wire-to-value.api.compiled
       compile-in-dependency-order-g.pkg:   Loading                 src/lib/x-kit/xclient/src/wire/wire-to-value-pith.pkg.compiled
       compile-in-dependency-order-g.pkg:   Loading                 src/lib/x-kit/xclient/src/wire/wire-to-value.pkg.compiled
       compile-in-dependency-order-g.pkg:   Loading                 src/lib/x-kit/xclient/src/wire/xclient-to-sequencer.pkg.compiled
       compile-in-dependency-order-g.pkg:   Loading                 src/lib/x-kit/xclient/src/wire/xevent-sink.pkg.compiled
       compile-in-dependency-order-g.pkg:   Loading                 src/lib/x-kit/xclient/src/wire/xerror-well.pkg.compiled
       compile-in-dependency-order-g.pkg:   Loading                 src/lib/x-kit/xclient/src/to-string/xerror-to-string.pkg.compiled
       compile-in-dependency-order-g.pkg:   Loading                 src/lib/x-kit/xclient/src/wire/keys-and-buttons.api.compiled
       compile-in-dependency-order-g.pkg:   Loading                 src/lib/x-kit/xclient/src/wire/keys-and-buttons.pkg.compiled
       compile-in-dependency-order-g.pkg:   Loading                 src/lib/x-kit/xclient/src/wire/value-to-wire.api.compiled
       compile-in-dependency-order-g.pkg:   Loading                 src/lib/x-kit/xclient/src/wire/value-to-wire-pith.pkg.compiled
       compile-in-dependency-order-g.pkg:   Loading                 src/lib/x-kit/xclient/src/wire/value-to-wire.pkg.compiled
       compile-in-dependency-order-g.pkg:   Loading                 src/lib/x-kit/xclient/src/wire/xpacket-sink.pkg.compiled
       compile-in-dependency-order-g.pkg:   Loading                 src/lib/x-kit/xclient/src/wire/inbuf-ximp.api.compiled
       compile-in-dependency-order-g.pkg:   Loading                 src/lib/x-kit/xclient/src/wire/inbuf-ximp.pkg.compiled
       compile-in-dependency-order-g.pkg:   Loading                 src/lib/x-kit/xclient/src/wire/xsequencer-to-outbuf.pkg.compiled
       compile-in-dependency-order-g.pkg:   Loading                 src/lib/x-kit/xclient/src/wire/outbuf-ximp.api.compiled
       compile-in-dependency-order-g.pkg:   Loading                 src/lib/x-kit/xclient/src/wire/outbuf-ximp.pkg.compiled
       compile-in-dependency-order-g.pkg:   Loading                 src/lib/x-kit/xclient/src/wire/xsequencer-ximp.api.compiled
       compile-in-dependency-order-g.pkg:   Loading                 src/lib/x-kit/xclient/src/wire/xsequencer-ximp.pkg.compiled
       compile-in-dependency-order-g.pkg:   Loading                 src/lib/x-kit/xclient/src/wire/decode-xpackets-ximp.api.compiled
alarm_handler/AAA  -- microthread-preemptive-scheduler.pkg
       compile-in-dependency-order-g.pkg:   Loading                 src/lib/x-kit/xclient/src/wire/decode-xpackets-ximp.pkg.compiled
       compile-in-dependency-order-g.pkg:   Loading                 src/lib/x-kit/xclient/src/wire/xsocket-ximps.api.compiled
       compile-in-dependency-order-g.pkg:   Loading                 src/lib/x-kit/xclient/src/wire/xsocket-ximps.pkg.compiled
       compile-in-dependency-order-g.pkg:   Loading                 src/lib/x-kit/xclient/src/wire/xsocket-old.api.compiled
       compile-in-dependency-order-g.pkg:   Loading                 src/lib/x-kit/xclient/src/wire/xsocket-old.pkg.compiled
       compile-in-dependency-order-g.pkg:   Loading                 src/lib/x-kit/xclient/src/wire/socket-closer-imp-old.api.compiled
       compile-in-dependency-order-g.pkg:   Loading                 src/lib/x-kit/xclient/src/wire/socket-closer-imp-old.pkg.compiled
       compile-in-dependency-order-g.pkg:   Loading                 src/lib/x-kit/xclient/src/wire/display-old.api.compiled
       compile-in-dependency-order-g.pkg:   Loading                 src/lib/x-kit/xclient/src/wire/display-old.pkg.compiled
       compile-in-dependency-order-g.pkg:   Loading                 src/lib/x-kit/xclient/src/window/font-base-old.pkg.compiled
       compile-in-dependency-order-g.pkg:   Loading                 src/lib/x-kit/xclient/src/window/font-imp-old.api.compiled
       compile-in-dependency-order-g.pkg:   Loading                 src/lib/x-kit/xclient/src/window/font-imp-old.pkg.compiled
       compile-in-dependency-order-g.pkg:   Loading                 src/lib/x-kit/xclient/src/window/windowsystem-to-xevent-router.pkg.compiled
       compile-in-dependency-order-g.pkg:   Loading                 src/lib/x-kit/xclient/src/window/pen-guts.api.compiled
       compile-in-dependency-order-g.pkg:   Loading                 src/lib/x-kit/xclient/src/window/pen-guts.pkg.compiled
       compile-in-dependency-order-g.pkg:   Loading                 src/lib/x-kit/xclient/src/wire/display.api.compiled
       compile-in-dependency-order-g.pkg:   Loading                 src/lib/x-kit/xclient/src/wire/display.pkg.compiled
       compile-in-dependency-order-g.pkg:   Loading                 src/lib/x-kit/xclient/src/window/font-base.pkg.compiled
       compile-in-dependency-order-g.pkg:   Loading                 src/lib/x-kit/xclient/src/window/windowsystem-to-xserver.pkg.compiled
       compile-in-dependency-order-g.pkg:   Loading                 src/lib/x-kit/xclient/src/window/pen-cache.api.compiled
       compile-in-dependency-order-g.pkg:   Loading                 src/lib/x-kit/xclient/src/window/pen-cache.pkg.compiled
       compile-in-dependency-order-g.pkg:   Loading                 src/lib/x-kit/xclient/src/window/font-index.api.compiled
       compile-in-dependency-order-g.pkg:   Loading                 src/lib/x-kit/xclient/src/window/font-index.pkg.compiled
       compile-in-dependency-order-g.pkg:   Loading                 src/lib/x-kit/xclient/src/window/window-map-event-sink.pkg.compiled
       compile-in-dependency-order-g.pkg:   Loading                 src/lib/x-kit/xclient/src/window/xserver-ximp.api.compiled
       compile-in-dependency-order-g.pkg:   Loading                 src/lib/x-kit/xclient/src/window/xserver-ximp.pkg.compiled
       compile-in-dependency-order-g.pkg:   Loading                 src/lib/x-kit/xclient/src/window/xevent-router-to-keymap.pkg.compiled
       compile-in-dependency-order-g.pkg:   Loading                 src/lib/x-kit/xclient/src/window/keysym.pkg.compiled
       compile-in-dependency-order-g.pkg:   Loading                 src/lib/x-kit/xclient/src/window/keymap-ximp.api.compiled
       compile-in-dependency-order-g.pkg:   Loading                 src/lib/x-kit/xclient/src/window/keymap-ximp.pkg.compiled
       compile-in-dependency-order-g.pkg:   Loading                 src/lib/x-kit/xclient/src/stuff/hash-xid.api.compiled
       compile-in-dependency-order-g.pkg:   Loading                 src/lib/x-kit/xclient/src/stuff/hash-xid.pkg.compiled
       compile-in-dependency-order-g.pkg:   Loading                 src/lib/x-kit/xclient/src/to-string/xevent-to-string.pkg.compiled
       compile-in-dependency-order-g.pkg:   Loading                 src/lib/x-kit/xclient/src/window/xevent-router-ximp.api.compiled
       compile-in-dependency-order-g.pkg:   Loading                 src/lib/x-kit/xclient/src/window/xevent-router-ximp.pkg.compiled
       compile-in-dependency-order-g.pkg:   Loading                 src/lib/x-kit/xclient/src/window/xsession-ximps.api.compiled
       compile-in-dependency-order-g.pkg:   Loading                 src/lib/x-kit/xclient/src/window/xsession-ximps.pkg.compiled
       compile-in-dependency-order-g.pkg:   Loading                 src/lib/x-kit/xclient/src/window/xclient-ximps.api.compiled
       compile-in-dependency-order-g.pkg:   Loading                 src/lib/x-kit/xclient/src/window/xclient-ximps.pkg.compiled
       compile-in-dependency-order-g.pkg:   Loading                 src/lib/x-kit/xclient/src/window/keymap-imp-old.api.compiled
       compile-in-dependency-order-g.pkg:   Loading                 src/lib/x-kit/xclient/src/window/keymap-imp-old.pkg.compiled
       compile-in-dependency-order-g.pkg:   Loading                 src/lib/x-kit/xclient/src/window/xsocket-to-topwindow-router-old.api.compiled
       compile-in-dependency-order-g.pkg:   Loading                 src/lib/x-kit/xclient/src/window/xsocket-to-topwindow-router-old.pkg.compiled
       compile-in-dependency-order-g.pkg:   Loading                 src/lib/x-kit/xclient/src/iccc/atom-table.pkg.compiled
       compile-in-dependency-order-g.pkg:   Loading                 src/lib/x-kit/xclient/src/iccc/atom-imp-old.api.compiled
       compile-in-dependency-order-g.pkg:   Loading                 src/lib/x-kit/xclient/src/iccc/atom-imp-old.pkg.compiled
       compile-in-dependency-order-g.pkg:   Loading                 src/lib/x-kit/xclient/src/window/color-spec.api.compiled
       compile-in-dependency-order-g.pkg:   Loading                 src/lib/x-kit/xclient/src/window/color-spec.pkg.compiled
       compile-in-dependency-order-g.pkg:   Loading                 src/lib/x-kit/xclient/src/window/pen-to-gcontext-imp-old.api.compiled
       compile-in-dependency-order-g.pkg:   Loading                 src/lib/x-kit/xclient/src/window/pen-to-gcontext-imp-old.pkg.compiled
       compile-in-dependency-order-g.pkg:   Loading                 src/lib/x-kit/xclient/src/window/draw-imp-old.api.compiled
       compile-in-dependency-order-g.pkg:   Loading                 src/lib/x-kit/xclient/src/window/draw-imp-old.pkg.compiled
       compile-in-dependency-order-g.pkg:   Loading                 src/lib/x-kit/xclient/src/wire/sendevent-to-wire.api.compiled
       compile-in-dependency-order-g.pkg:   Loading                 src/lib/x-kit/xclient/src/wire/sendevent-to-wire.pkg.compiled
       compile-in-dependency-order-g.pkg:   Loading                 src/lib/x-kit/xclient/src/window/selection-imp-old.api.compiled
       compile-in-dependency-order-g.pkg:   Loading                 src/lib/x-kit/xclient/src/window/selection-imp-old.pkg.compiled
       compile-in-dependency-order-g.pkg:   Loading                 src/lib/x-kit/xclient/src/window/window-property-imp-old.api.compiled
       compile-in-dependency-order-g.pkg:   Loading                 src/lib/x-kit/xclient/src/window/window-property-imp-old.pkg.compiled
       compile-in-dependency-order-g.pkg:   Loading                 src/lib/x-kit/xclient/src/window/xsession-old.api.compiled
       compile-in-dependency-order-g.pkg:   Loading                 src/lib/x-kit/xclient/src/window/xsession-old.pkg.compiled
       compile-in-dependency-order-g.pkg:   Loading                 src/lib/x-kit/xclient/src/window/draw-types-old.api.compiled
       compile-in-dependency-order-g.pkg:   Loading                 src/lib/x-kit/xclient/src/window/draw-types-old.pkg.compiled
       compile-in-dependency-order-g.pkg:   Loading                 src/lib/x-kit/xclient/src/window/cursors-old.pkg.compiled
       compile-in-dependency-order-g.pkg:   Loading                 src/lib/x-kit/xclient/src/window/rw-pixmap-old.pkg.compiled
       compile-in-dependency-order-g.pkg:   Loading                 src/lib/x-kit/xclient/src/window/pen-old.pkg.compiled
       compile-in-dependency-order-g.pkg:   Loading                 src/lib/x-kit/xclient/src/window/cs-pixmap-old.api.compiled
       compile-in-dependency-order-g.pkg:   Loading                 src/lib/x-kit/xclient/src/window/cs-pixmap-old.pkg.compiled
       compile-in-dependency-order-g.pkg:   Loading                 src/lib/x-kit/xclient/src/window/draw-old.pkg.compiled
       compile-in-dependency-order-g.pkg:   Loading                 src/lib/x-kit/xclient/src/window/ro-pixmap-old.api.compiled
       compile-in-dependency-order-g.pkg:   Loading                 src/lib/x-kit/xclient/src/window/ro-pixmap-old.pkg.compiled
       compile-in-dependency-order-g.pkg:   Loading                 src/lib/x-kit/xclient/src/stuff/xkit-version.pkg.compiled
       compile-in-dependency-order-g.pkg:   Loading                 src/lib/x-kit/xclient/src/stuff/authentication.pkg.compiled
       compile-in-dependency-order-g.pkg:   Loading                 src/lib/x-kit/xclient/src/window/hash-window-old.api.compiled
       compile-in-dependency-order-g.pkg:   Loading                 src/lib/x-kit/xclient/src/window/hash-window-old.pkg.compiled
       compile-in-dependency-order-g.pkg:   Loading                 src/lib/x-kit/xclient/src/window/widget-cable-old.pkg.compiled
       compile-in-dependency-order-g.pkg:   Loading                 src/lib/x-kit/xclient/src/window/keysym-to-ascii.api.compiled
       compile-in-dependency-order-g.pkg:   Loading                 src/lib/x-kit/xclient/src/window/keysym-to-ascii.pkg.compiled
       compile-in-dependency-order-g.pkg:   Loading                 src/lib/x-kit/xclient/src/iccc/standard-x11-atoms.pkg.compiled
       compile-in-dependency-order-g.pkg:   Loading                 src/lib/x-kit/xclient/src/iccc/window-manager-hint-old.api.compiled
       compile-in-dependency-order-g.pkg:   Loading                 src/lib/x-kit/xclient/src/iccc/window-manager-hint-old.pkg.compiled
       compile-in-dependency-order-g.pkg:   Loading                 src/lib/x-kit/xclient/src/iccc/iccc-property-old.api.compiled
       compile-in-dependency-order-g.pkg:   Loading                 src/lib/x-kit/xclient/src/iccc/iccc-property-old.pkg.compiled
       compile-in-dependency-order-g.pkg:   Loading                 src/lib/x-kit/xclient/src/iccc/atom-old.pkg.compiled
       compile-in-dependency-order-g.pkg:   Loading                 src/lib/x-kit/xclient/src/window/topwindow-to-widget-router-old.api.compiled
       compile-in-dependency-order-g.pkg:   Loading                 src/lib/x-kit/xclient/src/window/topwindow-to-widget-router-old.pkg.compiled
       compile-in-dependency-order-g.pkg:   Loading                 src/lib/x-kit/xclient/src/window/window-old.api.compiled
       compile-in-dependency-order-g.pkg:   Loading                 src/lib/x-kit/xclient/src/window/window-old.pkg.compiled
       compile-in-dependency-order-g.pkg:   Loading                 src/lib/x-kit/xclient/src/iccc/window-property-old.api.compiled
       compile-in-dependency-order-g.pkg:   Loading                 src/lib/x-kit/xclient/src/iccc/window-property-old.pkg.compiled
       compile-in-dependency-order-g.pkg:   Loading                 src/lib/x-kit/xclient/src/window/selection-old.api.compiled
       compile-in-dependency-order-g.pkg:   Loading                 src/lib/x-kit/xclient/src/window/selection-old.pkg.compiled
       compile-in-dependency-order-g.pkg:   Loading                 src/lib/x-kit/xclient/xclient.pkg.compiled
       compile-in-dependency-order-g.pkg:   Loading                 src/lib/x-kit/widget/lib/image-imp.api.compiled
       compile-in-dependency-order-g.pkg:   Loading                 src/lib/x-kit/widget/lib/image-imp.pkg.compiled
       compile-in-dependency-order-g.pkg:   Loading                 src/lib/x-kit/widget/old/lib/ro-pixmap-cache-old.api.compiled
       compile-in-dependency-order-g.pkg:   Loading                 src/lib/x-kit/draw/bitmap-io-old.api.compiled
       compile-in-dependency-order-g.pkg:   Loading                 src/lib/x-kit/draw/bitmap-io-old.pkg.compiled
       compile-in-dependency-order-g.pkg:   Loading                 src/lib/x-kit/widget/old/lib/ro-pixmap-cache-old.pkg.compiled
       compile-in-dependency-order-g.pkg:   Loading                 src/lib/x-kit/widget/old/lib/standard-clientside-pixmaps-old.pkg.compiled
       compile-in-dependency-order-g.pkg:   Loading                 src/lib/x-kit/widget/old/lib/shade-imp-old.api.compiled
       compile-in-dependency-order-g.pkg:   Loading                 src/lib/x-kit/widget/old/lib/shade-imp-old.pkg.compiled
       compile-in-dependency-order-g.pkg:   Loading                 src/lib/x-kit/widget/old/basic/widget-base.api.compiled
       compile-in-dependency-order-g.pkg:   Loading                 src/lib/x-kit/widget/old/basic/widget-base.pkg.compiled
       compile-in-dependency-order-g.pkg:   Loading                 src/lib/x-kit/widget/old/lib/three-d.api.compiled
       compile-in-dependency-order-g.pkg:   Loading                 src/lib/x-kit/widget/old/lib/three-d.pkg.compiled
       compile-in-dependency-order-g.pkg:   Loading                 src/lib/x-kit/widget/old/basic/widget-types.api.compiled
       compile-in-dependency-order-g.pkg:   Loading                 src/lib/x-kit/widget/old/basic/widget-types.pkg.compiled
       compile-in-dependency-order-g.pkg:   Loading                 src/lib/x-kit/widget/old/lib/widget-attribute-old.api.compiled
       compile-in-dependency-order-g.pkg:   Loading                 src/lib/x-kit/widget/old/lib/widget-attribute-old.pkg.compiled
       compile-in-dependency-order-g.pkg:   Loading                 src/lib/x-kit/style/parse-resource-specs.pkg.compiled
       compile-in-dependency-order-g.pkg:   Loading                 src/lib/x-kit/style/widget-style-g.pkg.compiled
       compile-in-dependency-order-g.pkg:   Loading                 src/lib/x-kit/widget/old/lib/widget-style-old.pkg.compiled
       compile-in-dependency-order-g.pkg:   Loading                 src/lib/x-kit/xclient/src/iccc/client-to-atom.pkg.compiled
       compile-in-dependency-order-g.pkg:   Loading                 src/lib/x-kit/xclient/src/iccc/atom-ximp.api.compiled
       compile-in-dependency-order-g.pkg:   Loading                 src/lib/x-kit/xclient/src/iccc/atom-ximp.pkg.compiled
       compile-in-dependency-order-g.pkg:   Loading                 src/lib/x-kit/xclient/src/window/client-to-window-watcher.pkg.compiled
       compile-in-dependency-order-g.pkg:   Loading                 src/lib/x-kit/xclient/src/window/window-watcher-ximp.api.compiled
       compile-in-dependency-order-g.pkg:   Loading                 src/lib/x-kit/xclient/src/window/window-watcher-ximp.pkg.compiled
       compile-in-dependency-order-g.pkg:   Loading                 src/lib/x-kit/xclient/src/window/client-to-selection.pkg.compiled
       compile-in-dependency-order-g.pkg:   Loading                 src/lib/x-kit/xclient/src/window/selection-ximp.api.compiled
       compile-in-dependency-order-g.pkg:   Loading                 src/lib/x-kit/xclient/src/window/selection-ximp.pkg.compiled
       compile-in-dependency-order-g.pkg:   Loading                 src/lib/x-kit/xclient/src/window/xsession-junk.api.compiled
       compile-in-dependency-order-g.pkg:   Loading                 src/lib/x-kit/xclient/src/window/xsession-junk.pkg.compiled
       compile-in-dependency-order-g.pkg:   Loading                 src/lib/x-kit/xclient/src/window/draw-types.api.compiled
       compile-in-dependency-order-g.pkg:   Loading                 src/lib/x-kit/xclient/src/window/draw-types.pkg.compiled
       compile-in-dependency-order-g.pkg:   Loading                 src/lib/x-kit/xclient/src/window/rw-pixmap.pkg.compiled
       compile-in-dependency-order-g.pkg:   Loading                 src/lib/x-kit/xclient/src/window/pen.pkg.compiled
       compile-in-dependency-order-g.pkg:   Loading                 src/lib/x-kit/xclient/src/window/cs-pixmap.api.compiled
alarm_handler/AAA  -- microthread-preemptive-scheduler.pkg
       compile-in-dependency-order-g.pkg:   Loading                 src/lib/x-kit/xclient/src/window/cs-pixmap.pkg.compiled
       compile-in-dependency-order-g.pkg:   Loading                 src/lib/x-kit/widget/lib/client-to-image.pkg.compiled
       compile-in-dependency-order-g.pkg:   Loading                 src/lib/x-kit/widget/lib/image-ximp.api.compiled
       compile-in-dependency-order-g.pkg:   Loading                 src/lib/x-kit/widget/lib/image-ximp.pkg.compiled
       compile-in-dependency-order-g.pkg:   Loading                 src/lib/x-kit/widget/lib/standard-clientside-pixmaps.pkg.compiled
       compile-in-dependency-order-g.pkg:   Loading                 src/lib/x-kit/widget/lib/shade.pkg.compiled
       compile-in-dependency-order-g.pkg:   Loading                 src/lib/x-kit/widget/lib/shade-ximp.api.compiled
       compile-in-dependency-order-g.pkg:   Loading                 src/lib/x-kit/xclient/src/window/draw.pkg.compiled
       compile-in-dependency-order-g.pkg:   Loading                 src/lib/x-kit/xclient/src/window/ro-pixmap.api.compiled
       compile-in-dependency-order-g.pkg:   Loading                 src/lib/x-kit/xclient/src/window/ro-pixmap.pkg.compiled
       compile-in-dependency-order-g.pkg:   Loading                 src/lib/x-kit/widget/lib/shade-ximp.pkg.compiled
       compile-in-dependency-order-g.pkg:   Loading                 src/lib/x-kit/widget/lib/ro-pixmap-port.pkg.compiled
       compile-in-dependency-order-g.pkg:   Loading                 src/lib/x-kit/widget/lib/ro-pixmap-ximp.api.compiled
       compile-in-dependency-order-g.pkg:   Loading                 src/lib/x-kit/draw/bitmap-io.api.compiled
       compile-in-dependency-order-g.pkg:   Loading                 src/lib/x-kit/draw/bitmap-io.pkg.compiled
       compile-in-dependency-order-g.pkg:   Loading                 src/lib/x-kit/widget/lib/ro-pixmap-ximp.pkg.compiled
       compile-in-dependency-order-g.pkg:   Loading                 src/lib/x-kit/widget/old/basic/root-window-old.pkg.compiled
       compile-in-dependency-order-g.pkg:   Loading                 src/lib/x-kit/widget/old/basic/widget-attributes.api.compiled
       compile-in-dependency-order-g.pkg:   Loading                 src/lib/x-kit/widget/old/basic/widget-attributes.pkg.compiled
       compile-in-dependency-order-g.pkg:   Loading                 src/lib/x-kit/widget/old/basic/root-window-old.api.compiled
       compile-in-dependency-order-g.pkg:   Loading                 src/lib/x-kit/widget/old/basic/widget.api.compiled
       compile-in-dependency-order-g.pkg:   Loading                 src/lib/x-kit/widget/old/basic/widget.pkg.compiled
       compile-in-dependency-order-g.pkg:   Loading                 src/lib/x-kit/widget/old/text/string-editor.api.compiled
       compile-in-dependency-order-g.pkg:   Loading                 src/lib/x-kit/widget/old/leaf/colorbox.api.compiled
       compile-in-dependency-order-g.pkg:   Loading                 src/lib/x-kit/widget/old/leaf/colorbox.pkg.compiled
       compile-in-dependency-order-g.pkg:   Loading                 src/lib/x-kit/widget/old/leaf/message.api.compiled
       compile-in-dependency-order-g.pkg:   Loading                 src/lib/x-kit/widget/old/leaf/message.pkg.compiled
       compile-in-dependency-order-g.pkg:   Loading                 src/lib/x-kit/widget/old/fancy/graphviz/font-family-cache.api.compiled
       compile-in-dependency-order-g.pkg:   Loading                 src/lib/x-kit/widget/old/fancy/graphviz/font-family-cache.pkg.compiled
       compile-in-dependency-order-g.pkg:   Loading                 src/lib/x-kit/widget/old/fancy/graphviz/scrollable-graphviz-widget.api.compiled
       compile-in-dependency-order-g.pkg:   Loading                 src/lib/x-kit/widget/old/leaf/button-shape-types.pkg.compiled
       compile-in-dependency-order-g.pkg:   Loading                 src/lib/x-kit/widget/old/leaf/button-drawfn-and-sizefn.api.compiled
       compile-in-dependency-order-g.pkg:   Loading                 src/lib/x-kit/widget/old/leaf/diamondbutton-drawfn-and-sizefn.pkg.compiled
       compile-in-dependency-order-g.pkg:   Loading                 src/lib/x-kit/widget/old/leaf/button-base.pkg.compiled
       compile-in-dependency-order-g.pkg:   Loading                 src/lib/x-kit/widget/old/leaf/button-look.api.compiled
       compile-in-dependency-order-g.pkg:   Loading                 src/lib/x-kit/widget/old/leaf/button-look-from-drawfn-and-sizefn-g.pkg.compiled
       compile-in-dependency-order-g.pkg:   Loading                 src/lib/x-kit/widget/old/leaf/diamondbutton-look.pkg.compiled
       compile-in-dependency-order-g.pkg:   Loading                 src/lib/x-kit/draw/cartouche.api.compiled
       compile-in-dependency-order-g.pkg:   Loading                 src/lib/x-kit/draw/cartouche.pkg.compiled
       compile-in-dependency-order-g.pkg:   Loading                 src/lib/x-kit/widget/old/leaf/textbutton-look.pkg.compiled
       compile-in-dependency-order-g.pkg:   Loading                 src/lib/x-kit/widget/old/menu/popup-menu.api.compiled
       compile-in-dependency-order-g.pkg:   Loading                 src/lib/x-kit/widget/old/menu/popup-menu.pkg.compiled
       compile-in-dependency-order-g.pkg:   Loading                 src/lib/x-kit/widget/old/menu/pulldown-menu-button.api.compiled
       compile-in-dependency-order-g.pkg:   Loading                 src/lib/x-kit/widget/old/leaf/button-type.pkg.compiled
       compile-in-dependency-order-g.pkg:   Loading                 src/lib/x-kit/widget/old/leaf/toggle-type.pkg.compiled
       compile-in-dependency-order-g.pkg:   Loading                 src/lib/x-kit/widget/old/leaf/checkbutton-look.pkg.compiled
       compile-in-dependency-order-g.pkg:   Loading                 src/lib/x-kit/widget/old/leaf/toggleswitch-factory.api.compiled
       compile-in-dependency-order-g.pkg:   Loading                 src/lib/x-kit/widget/old/leaf/toggleswitch-behavior-g.pkg.compiled
       compile-in-dependency-order-g.pkg:   Loading                 src/lib/x-kit/widget/old/leaf/roundbutton-drawfn-and-sizefn.pkg.compiled
       compile-in-dependency-order-g.pkg:   Loading                 src/lib/x-kit/widget/old/leaf/roundbutton-look.pkg.compiled
       compile-in-dependency-order-g.pkg:   Loading                 src/lib/x-kit/widget/old/leaf/labelbutton-look.pkg.compiled
       compile-in-dependency-order-g.pkg:   Loading                 src/lib/x-kit/widget/old/leaf/rockerbutton-look.pkg.compiled
       compile-in-dependency-order-g.pkg:   Loading                 src/lib/x-kit/widget/old/leaf/toggleswitches.api.compiled
       compile-in-dependency-order-g.pkg:   Loading                 src/lib/x-kit/widget/old/leaf/toggleswitches.pkg.compiled
       compile-in-dependency-order-g.pkg:   Loading                 src/lib/x-kit/widget/old/menu/pulldown-menu-button.pkg.compiled
       compile-in-dependency-order-g.pkg:   Loading                 src/lib/x-kit/widget/old/leaf/arrowbutton-drawfn-and-sizefn.pkg.compiled
       compile-in-dependency-order-g.pkg:   Loading                 src/lib/x-kit/widget/old/leaf/arrowbutton-look.pkg.compiled
       compile-in-dependency-order-g.pkg:   Loading                 src/lib/x-kit/widget/old/basic/xevent-mail-router.api.compiled
       compile-in-dependency-order-g.pkg:   Loading                 src/lib/x-kit/widget/old/basic/xevent-mail-router.pkg.compiled
       compile-in-dependency-order-g.pkg:   Loading                 src/lib/x-kit/widget/old/leaf/pushbutton-factory.api.compiled
       compile-in-dependency-order-g.pkg:   Loading                 src/lib/x-kit/widget/old/leaf/pushbutton-behavior-g.pkg.compiled
       compile-in-dependency-order-g.pkg:   Loading                 src/lib/x-kit/widget/old/leaf/pushbuttons.api.compiled
       compile-in-dependency-order-g.pkg:   Loading                 src/lib/x-kit/widget/old/leaf/pushbuttons.pkg.compiled
       compile-in-dependency-order-g.pkg:   Loading                 src/lib/x-kit/widget/old/text/extensible-string.api.compiled
       compile-in-dependency-order-g.pkg:   Loading                 src/lib/x-kit/widget/old/text/extensible-string.pkg.compiled
       compile-in-dependency-order-g.pkg:   Loading                 src/lib/x-kit/widget/old/text/one-line-virtual-terminal.api.compiled
       compile-in-dependency-order-g.pkg:   Loading                 src/lib/x-kit/widget/old/text/one-line-virtual-terminal.pkg.compiled
       compile-in-dependency-order-g.pkg:   Loading                 src/lib/x-kit/widget/old/text/string-editor.pkg.compiled
       compile-in-dependency-order-g.pkg:   Loading                 src/lib/x-kit/widget/old/text/scrollable-string-editor.api.compiled
       compile-in-dependency-order-g.pkg:   Loading                 src/lib/x-kit/widget/old/text/scrollable-string-editor.pkg.compiled
       compile-in-dependency-order-g.pkg:   Loading                 src/lib/x-kit/xclient/src/window/cursors.pkg.compiled
       compile-in-dependency-order-g.pkg:   Loading                 src/lib/x-kit/widget/lib/widget-attribute.api.compiled
       compile-in-dependency-order-g.pkg:   Loading                 src/lib/x-kit/widget/old/wrapper/background.api.compiled
       compile-in-dependency-order-g.pkg:   Loading                 src/lib/x-kit/widget/old/wrapper/background.pkg.compiled
       compile-in-dependency-order-g.pkg:   Loading                 src/lib/x-kit/widget/old/leaf/canvas.api.compiled
       compile-in-dependency-order-g.pkg:   Loading                 src/lib/x-kit/widget/old/leaf/scrollbar-look.api.compiled
       compile-in-dependency-order-g.pkg:   Loading                 src/lib/x-kit/widget/old/wrapper/border.api.compiled
       compile-in-dependency-order-g.pkg:   Loading                 src/lib/x-kit/widget/old/wrapper/choice-of-widgets.api.compiled
       compile-in-dependency-order-g.pkg:   Loading                 src/lib/x-kit/xclient/src/iccc/atom.pkg.compiled
       compile-in-dependency-order-g.pkg:   Loading                 src/lib/x-kit/xclient/src/iccc/window-manager-hint.api.compiled
       compile-in-dependency-order-g.pkg:   Loading                 src/lib/x-kit/xclient/src/iccc/window-manager-hint.pkg.compiled
       compile-in-dependency-order-g.pkg:   Loading                 src/lib/x-kit/xclient/src/iccc/iccc-property.api.compiled
       compile-in-dependency-order-g.pkg:   Loading                 src/lib/x-kit/xclient/src/iccc/iccc-property.pkg.compiled
       compile-in-dependency-order-g.pkg:   Loading                 src/lib/x-kit/xclient/src/window/hash-window.api.compiled
       compile-in-dependency-order-g.pkg:   Loading                 src/lib/x-kit/xclient/src/window/hash-window.pkg.compiled
       compile-in-dependency-order-g.pkg:   Loading                 src/lib/x-kit/xclient/src/window/widget-cable.pkg.compiled
       compile-in-dependency-order-g.pkg:   Loading                 src/lib/x-kit/xclient/src/window/window.api.compiled
       compile-in-dependency-order-g.pkg:   Loading                 src/lib/x-kit/xclient/src/window/window.pkg.compiled
       compile-in-dependency-order-g.pkg:   Loading                 src/lib/x-kit/widget/old/lib/list-indexing.api.compiled
       compile-in-dependency-order-g.pkg:   Loading                 src/lib/x-kit/widget/old/lib/list-indexing.pkg.compiled
       compile-in-dependency-order-g.pkg:   Loading                 src/lib/x-kit/widget/old/wrapper/choice-of-widgets.pkg.compiled
       compile-in-dependency-order-g.pkg:   Loading                 src/lib/x-kit/widget/old/basic/topwindow.api.compiled
       compile-in-dependency-order-g.pkg:   Loading                 src/lib/x-kit/widget/old/basic/topwindow.pkg.compiled
       compile-in-dependency-order-g.pkg:   Loading                 src/lib/x-kit/widget/old/leaf/scrollbar-look.pkg.compiled
       compile-in-dependency-order-g.pkg:   Loading                 src/lib/x-kit/widget/old/leaf/scrollbar.api.compiled
       compile-in-dependency-order-g.pkg:   Loading                 src/lib/x-kit/widget/old/leaf/scrollbar.pkg.compiled
       compile-in-dependency-order-g.pkg:   Loading                 src/lib/x-kit/widget/lib/widget-attribute.pkg.compiled
       compile-in-dependency-order-g.pkg:   Loading                 src/lib/x-kit/widget/lib/widget-style.pkg.compiled
       compile-in-dependency-order-g.pkg:   Loading                 src/lib/x-kit/widget/old/wrapper/size-preference-wrapper.api.compiled
       compile-in-dependency-order-g.pkg:   Loading                 src/lib/x-kit/draw/spline.api.compiled
       compile-in-dependency-order-g.pkg:   Loading                 src/lib/x-kit/draw/spline.pkg.compiled
       compile-in-dependency-order-g.pkg:   Loading                 src/lib/x-kit/widget/old/leaf/slider-look.api.compiled
       compile-in-dependency-order-g.pkg:   Loading                 src/lib/x-kit/widget/old/leaf/slider-look.pkg.compiled
       compile-in-dependency-order-g.pkg:   Loading                 src/lib/x-kit/widget/old/leaf/slider.api.compiled
       compile-in-dependency-order-g.pkg:   Loading                 src/lib/x-kit/widget/old/leaf/slider.pkg.compiled
       compile-in-dependency-order-g.pkg:   Loading                 src/lib/x-kit/draw/box2.pkg.compiled
       compile-in-dependency-order-g.pkg:   Loading                 src/lib/x-kit/draw/band.pkg.compiled
       compile-in-dependency-order-g.pkg:   Loading                 src/lib/x-kit/draw/scan-convert.pkg.compiled
       compile-in-dependency-order-g.pkg:   Loading                 src/lib/x-kit/draw/region.api.compiled
       compile-in-dependency-order-g.pkg:   Loading                 src/lib/x-kit/draw/region.pkg.compiled
       compile-in-dependency-order-g.pkg:   Loading                 src/lib/x-kit/widget/old/leaf/divider.api.compiled
       compile-in-dependency-order-g.pkg:   Loading                 src/lib/x-kit/widget/old/leaf/divider.pkg.compiled
       compile-in-dependency-order-g.pkg:   Loading                 src/lib/x-kit/widget/lib/run-in-x-window.api.compiled
       compile-in-dependency-order-g.pkg:   Loading                 src/lib/x-kit/widget/old/layout/lay-out-linearly.api.compiled
       compile-in-dependency-order-g.pkg:   Loading                 src/lib/x-kit/widget/old/layout/lay-out-linearly.pkg.compiled
       compile-in-dependency-order-g.pkg:   Loading                 src/lib/x-kit/widget/old/layout/line-of-widgets.api.compiled
       compile-in-dependency-order-g.pkg:   Loading                 src/lib/x-kit/widget/old/layout/line-of-widgets.pkg.compiled
       compile-in-dependency-order-g.pkg:   Loading                 src/lib/x-kit/widget/old/layout/widget-with-scrollbars.api.compiled
       compile-in-dependency-order-g.pkg:   Loading                 src/lib/x-kit/xclient/src/window/cs-pixmat.api.compiled
       compile-in-dependency-order-g.pkg:   Loading                 src/lib/x-kit/widget/old/wrapper/border.pkg.compiled
       compile-in-dependency-order-g.pkg:   Loading                 src/lib/x-kit/widget/old/layout/viewport.api.compiled
       compile-in-dependency-order-g.pkg:   Loading                 src/lib/x-kit/widget/old/layout/viewport.pkg.compiled
       compile-in-dependency-order-g.pkg:   Loading                 src/lib/x-kit/widget/old/layout/scrolled-widget.api.compiled
       compile-in-dependency-order-g.pkg:   Loading                 src/lib/x-kit/widget/old/layout/scrolled-widget.pkg.compiled
       compile-in-dependency-order-g.pkg:   Loading                 src/lib/x-kit/widget/old/leaf/item-list.api.compiled
       compile-in-dependency-order-g.pkg:   Loading                 src/lib/x-kit/widget/old/leaf/item-list.pkg.compiled
       compile-in-dependency-order-g.pkg:   Loading                 src/lib/x-kit/widget/old/leaf/textlist.api.compiled
       compile-in-dependency-order-g.pkg:   Loading                 src/lib/x-kit/widget/old/leaf/textlist.pkg.compiled
       compile-in-dependency-order-g.pkg:   Loading                 src/lib/x-kit/widget/theme/gui-displaylist.pkg.compiled
       compile-in-dependency-order-g.pkg:   Loading                 src/lib/x-kit/widget/gui/gui-event-types.pkg.compiled
       compile-in-dependency-order-g.pkg:   Loading                 src/lib/x-kit/widget/theme/guiboss-to-windowsystem.pkg.compiled
       compile-in-dependency-order-g.pkg:   Loading                 src/lib/x-kit/xclient/src/iccc/window-property.api.compiled
       compile-in-dependency-order-g.pkg:   Loading                 src/lib/x-kit/xclient/src/iccc/window-property.pkg.compiled
       compile-in-dependency-order-g.pkg:   Loading                 src/lib/x-kit/widget/lib/root-window.pkg.compiled
       compile-in-dependency-order-g.pkg:   Loading                 src/lib/x-kit/xclient/src/window/cs-pixmat.pkg.compiled
       compile-in-dependency-order-g.pkg:   Loading                 src/lib/x-kit/widget/xkit/app/exercise-x-appwindow.pkg.compiled
       compile-in-dependency-order-g.pkg:   Loading                 src/lib/x-kit/widget/gui/gui-event-to-string.pkg.compiled
       compile-in-dependency-order-g.pkg:   Loading                 src/lib/x-kit/xclient/src/window/keycode-to-keysym.api.compiled
       compile-in-dependency-order-g.pkg:   Loading                 src/lib/x-kit/xclient/src/window/keycode-to-keysym.pkg.compiled
       compile-in-dependency-order-g.pkg:   Loading                 src/lib/x-kit/widget/xkit/app/xevent-to-gui-event.pkg.compiled
       compile-in-dependency-order-g.pkg:   Loading                 src/lib/x-kit/widget/xkit/app/gui-event-to-xevent.pkg.compiled
       compile-in-dependency-order-g.pkg:   Loading                 src/lib/x-kit/widget/theme/windowsystem-imp.api.compiled
alarm_handler/AAA  -- microthread-preemptive-scheduler.pkg

       compile-in-dependency-order-g.pkg:   Loading                 src/lib/x-kit/widget/xkit/app/windowsystem-imp-for-x.pkg.compiled
       compile-in-dependency-order-g.pkg:   Loading                 src/lib/x-kit/widget/space/bounce/guiboss-to-bouncespace.pkg.compiled
       compile-in-dependency-order-g.pkg:   Loading                 src/lib/x-kit/widget/space/bounce/sprite-to-bouncespace.pkg.compiled
       compile-in-dependency-order-g.pkg:   Loading                 src/lib/x-kit/widget/space/bounce/bouncespace-layout-hint.pkg.compiled
       compile-in-dependency-order-g.pkg:   Loading                 src/lib/x-kit/widget/space/bounce/bouncespace-imp.api.compiled
       compile-in-dependency-order-g.pkg:   Loading                 src/lib/x-kit/widget/space/bounce/bouncespace-imp.pkg.compiled
       compile-in-dependency-order-g.pkg:   Loading                 src/lib/x-kit/widget/space/canvas/guiboss-to-canvasspace.pkg.compiled
       compile-in-dependency-order-g.pkg:   Loading                 src/lib/x-kit/widget/space/canvas/object-to-canvasspace.pkg.compiled
       compile-in-dependency-order-g.pkg:   Loading                 src/lib/x-kit/widget/space/canvas/canvasspace-layout-hint.pkg.compiled
       compile-in-dependency-order-g.pkg:   Loading                 src/lib/x-kit/widget/space/canvas/canvasspace-imp.api.compiled
       compile-in-dependency-order-g.pkg:   Loading                 src/lib/x-kit/widget/space/canvas/canvasspace-imp.pkg.compiled
       compile-in-dependency-order-g.pkg:   Loading                 src/lib/x-kit/widget/gui/issue-unique-look-id.pkg.compiled
       compile-in-dependency-order-g.pkg:   Loading                 src/lib/x-kit/widget/space/bounce/bouncespace-to-sprite.pkg.compiled
       compile-in-dependency-order-g.pkg:   Loading                 src/lib/x-kit/widget/space/canvas/canvasspace-to-object.pkg.compiled
       compile-in-dependency-order-g.pkg:   Loading                 src/lib/x-kit/widget/space/packed/packedspace-to-widget.pkg.compiled
       compile-in-dependency-order-g.pkg:   Loading                 src/lib/x-kit/widget/gui/gadget-to-guiboss.pkg.compiled
       compile-in-dependency-order-g.pkg:   Loading                 src/lib/x-kit/widget/gui/guiboss-to-gadget.pkg.compiled
       compile-in-dependency-order-g.pkg:   Loading                 src/lib/x-kit/widget/space/packed/packedspace-layout-hint.pkg.compiled
       compile-in-dependency-order-g.pkg:   Loading                 src/lib/x-kit/widget/space/packed/widget-to-packedspace.pkg.compiled
       compile-in-dependency-order-g.pkg:   Loading                 src/lib/x-kit/widget/gui/gui-types.pkg.compiled
       compile-in-dependency-order-g.pkg:   Loading                 src/lib/x-kit/widget/gui/running-gui.pkg.compiled
       compile-in-dependency-order-g.pkg:   Loading                 src/lib/x-kit/widget/space/packed/guiboss-to-packedspace.pkg.compiled
       compile-in-dependency-order-g.pkg:   Loading                 src/lib/x-kit/widget/gui/space-to-gui.pkg.compiled
       compile-in-dependency-order-g.pkg:   Loading                 src/lib/x-kit/widget/space/packed/packedspace-imp.api.compiled
       compile-in-dependency-order-g.pkg:   Loading                 src/lib/x-kit/widget/space/packed/packedspace-imp.pkg.compiled
       compile-in-dependency-order-g.pkg:   Loading                 src/lib/x-kit/widget/gui/gui-plan.pkg.compiled
       compile-in-dependency-order-g.pkg:   Loading                 src/lib/x-kit/widget/gui/stopped-gui.pkg.compiled
       compile-in-dependency-order-g.pkg:   Loading                 src/lib/x-kit/widget/theme/bounce/gui-to-bounce-theme.pkg.compiled
       compile-in-dependency-order-g.pkg:   Loading                 src/lib/x-kit/widget/theme/bounce/bounce-theme-imp.api.compiled
       compile-in-dependency-order-g.pkg:   Loading                 src/lib/x-kit/widget/xkit/theme/bounce/default/bounce-theme-imp.pkg.compiled
       compile-in-dependency-order-g.pkg:   Loading                 src/lib/x-kit/widget/theme/canvas/gui-to-canvas-theme.pkg.compiled
       compile-in-dependency-order-g.pkg:   Loading                 src/lib/x-kit/widget/theme/canvas/canvas-theme-imp.api.compiled
       compile-in-dependency-order-g.pkg:   Loading                 src/lib/x-kit/widget/xkit/theme/canvas/default/canvas-theme-imp.pkg.compiled
       compile-in-dependency-order-g.pkg:   Loading                 src/lib/x-kit/widget/theme/packed/packed-theme.pkg.compiled
       compile-in-dependency-order-g.pkg:   Loading                 src/lib/x-kit/widget/theme/packed/packed-theme-imp.api.compiled
       compile-in-dependency-order-g.pkg:   Compiling source file   src/lib/x-kit/widget/xkit/theme/packed/default/packed-theme-imp.pkg

src/lib/x-kit/widget/xkit/theme/packed/default/packed-theme-imp.pkg:381.4-387.5 Error: unbound val: surround_color
src/lib/x-kit/widget/xkit/theme/packed/default/packed-theme-imp.pkg:251.7-268.8 Error: right-hand-side of clause doesn't agree with function result type [type mismatch]
expression:  Gadget_Palette8
result type:  Gadget_Palette
in declaration:
    rgb_to_rgb8=
            (\      {   body_color => body_color : rgb::Rgb,
                        lowerright_bevel_color => lowerright_bevel_color : rgb::Rgb,
                        surround_color => surround_color : rgb::Rgb,
                        text_color => text_color : rgb::Rgb,
                        upperleft_bevel_color => upperleft_bevel_color : rgb::Rgb
                    }
                    =>          {   surround_color => c8::rgb8_from_rgb surround_color,
                                    body_color => c8::rgb8_from_rgb body_color,
                                    text_color => c8::rgb8_from_rgb text_color,
                                    upperleft_bevel_color => c8::rgb8_from_rgb upperleft_bevel_color,
                                    lowerright_bevel_color => c8::rgb8_from_rgb lowerright_bevel_color
                                }
                            : Gadget_Palette8
                        : Gadget_Palette
            )
src/lib/x-kit/widget/xkit/theme/packed/default/packed-theme-imp.pkg:398.3-398.30 Error: Operator and operand do not agree [record labels]
operator domain: { current_gadget_colors: [id1320]meta1; [id1321]meta0}
operand:                { do_something: Int -> Void,
                        lavish_darkening: Ref((rgb::Rgb -> { blue: Float, green: Float, red: Float})),
                        lavish_graying: Ref((rgb::Rgb -> { blue: Float, green: Float, red: Float})),
                        lavish_lightening: Ref((rgb::Rgb -> { blue: Float, green: Float, red: Float})),
                        medium_darkening: Ref((rgb::Rgb -> { blue: [id773]meta2, green: [id769]meta3, red: [id765]meta4})),
                        medium_graying: Ref((rgb::Rgb -> { blue: Float, green: Float, red: Float})),
                        medium_lightening: Ref((rgb::Rgb -> { blue: Float, green: Float, red: Float})),
                        mouse_focus_body_color: Ref((Void -> rgb::Rgb)), normal_body_color: Ref((Void -> rgb::Rgb)),
                        packedspace: guiboss_to_packedspace::Packedspace_Arg -> packedspace_imp::Packedspace_Egg,
                        rgb_to_rgb8:
                          Ref(
                            (   { body_color: rgb::Rgb, lowerright_bevel_color: rgb::Rgb, surround_color: rgb::Rgb,
                                text_color: rgb::Rgb, upperleft_bevel_color: rgb::Rgb}
                            -> Gadget_Palette
                            )
                          )
                        , shady_bevel_color: Ref((Void -> rgb::Rgb)),
                        slight_darkening: Ref((rgb::Rgb -> { blue: Float, green: Float, red: Float})),
                        slight_graying: Ref((rgb::Rgb -> { blue: Float, green: Float, red: Float})),
                        slight_lightening: Ref((rgb::Rgb -> { blue: Float, green: Float, red: Float})),
                        sunny_bevel_color: Ref((Void -> rgb::Rgb)),
                        surround_color: Ref({ blue: Float, green: Float, red: Float}), text_color: Ref((Void -> rgb::Rgb))}
in expression:
  (\ { current_gadget_colors => current_gadget_colors, ... }=> current_gadget_colors) theme
src/lib/x-kit/widget/xkit/theme/packed/default/packed-theme-imp.pkg:403.4-403.72 Error: Operator and operand do not agree [type mismatch]
operator domain: (Oneshot_Maildrop(((Me_Slot, Exports))), ((Me_Slot, Exports)))
operand:            (   Oneshot_Maildrop(((Me_Slot, Exports))),
                            ((  Me_Slot,
                                    {
                                    packed_theme:
                                        { do_something: Int -> Void,
                                        lavish_darkening: Ref((rgb::Rgb -> { blue: Float, green: Float, red: Float})),
                                        lavish_graying: Ref((rgb::Rgb -> { blue: Float, green: Float, red: Float})),
                                        lavish_lightening: Ref((rgb::Rgb -> { blue: Float, green: Float, red: Float})),
                                        medium_darkening: Ref((rgb::Rgb -> { blue: [id773]meta0, green: [id769]meta1, red: [id765]meta2})),
                                        medium_graying: Ref((rgb::Rgb -> { blue: Float, green: Float, red: Float})),
                                        medium_lightening: Ref((rgb::Rgb -> { blue: Float, green: Float, red: Float})),
                                        mouse_focus_body_color: Ref((Void -> rgb::Rgb)), normal_body_color: Ref((Void -> rgb::Rgb)),
                                        packedspace: guiboss_to_packedspace::Packedspace_Arg -> packedspace_imp::Packedspace_Egg,
                                        rgb_to_rgb8:
                                          Ref(
                                            (   { body_color: rgb::Rgb, lowerright_bevel_color: rgb::Rgb, surround_color: rgb::Rgb,
                                                text_color: rgb::Rgb, upperleft_bevel_color: rgb::Rgb}
                                            -> Gadget_Palette
                                            )
                                          )
                                        , shady_bevel_color: Ref((Void -> rgb::Rgb)),
                                        slight_darkening: Ref((rgb::Rgb -> { blue: Float, green: Float, red: Float})),
                                        slight_graying: Ref((rgb::Rgb -> { blue: Float, green: Float, red: Float})),
                                        slight_lightening: Ref((rgb::Rgb -> { blue: Float, green: Float, red: Float})),
                                        sunny_bevel_color: Ref((Void -> rgb::Rgb)),
                                        surround_color: Ref({ blue: Float, green: Float, red: Float}), text_color: Ref((Void -> rgb::Rgb))}
                                    }
                            ))
                    )
in expression:
  put_in_oneshot (reply_oneshot, (me_slot, { packed_theme => theme}))
src/lib/x-kit/widget/xkit/theme/packed/default/packed-theme-imp.pkg:251.7-268.8 Error: right-hand-side of clause doesn't agree with function result type [type mismatch]
expression:  Gadget_Palette8
result type:  Gadget_Palette
in declaration:
    rgb_to_rgb8=
            (\      {   body_color => body_color : rgb::Rgb,
                        lowerright_bevel_color => lowerright_bevel_color : rgb::Rgb,
                        surround_color => surround_color : rgb::Rgb,
                        text_color => text_color : rgb::Rgb,
                        upperleft_bevel_color => upperleft_bevel_color : rgb::Rgb
                    }
                    =>          {   surround_color => c8::rgb8_from_rgb surround_color,
                                    body_color => c8::rgb8_from_rgb body_color,
                                    text_color => c8::rgb8_from_rgb text_color,
                                    upperleft_bevel_color => c8::rgb8_from_rgb upperleft_bevel_color,
                                    lowerright_bevel_color => c8::rgb8_from_rgb lowerright_bevel_color
                                }
                            : Gadget_Palette8
                        : Gadget_Palette
            )
src/lib/x-kit/widget/xkit/theme/packed/default/packed-theme-imp.pkg:398.3-398.30 Error: Operator and operand do not agree [record labels]
operator domain: { current_gadget_colors: [id1928]meta1; [id1929]meta0}
operand:                { do_something: Int -> Void,
                        lavish_darkening: Ref((rgb::Rgb -> { blue: Float, green: Float, red: Float})),
                        lavish_graying: Ref((rgb::Rgb -> { blue: Float, green: Float, red: Float})),
                        lavish_lightening: Ref((rgb::Rgb -> { blue: Float, green: Float, red: Float})),
                        medium_darkening: Ref((rgb::Rgb -> { blue: Float, green: Float, red: Float})),
                        medium_graying: Ref((rgb::Rgb -> { blue: Float, green: Float, red: Float})),
                        medium_lightening: Ref((rgb::Rgb -> { blue: Float, green: Float, red: Float})),
                        mouse_focus_body_color: Ref((Void -> rgb::Rgb)), normal_body_color: Ref((Void -> rgb::Rgb)),
                        packedspace: guiboss_to_packedspace::Packedspace_Arg -> packedspace_imp::Packedspace_Egg,
                        rgb_to_rgb8:
                          Ref(
                            (   { body_color: rgb::Rgb, lowerright_bevel_color: rgb::Rgb, surround_color: rgb::Rgb,
                                text_color: rgb::Rgb, upperleft_bevel_color: rgb::Rgb}
                            -> Gadget_Palette
                            )
                          )
                        , shady_bevel_color: Ref((Void -> rgb::Rgb)),
                        slight_darkening: Ref((rgb::Rgb -> { blue: Float, green: Float, red: Float})),
                        slight_graying: Ref((rgb::Rgb -> { blue: Float, green: Float, red: Float})),
                        slight_lightening: Ref((rgb::Rgb -> { blue: Float, green: Float, red: Float})),
                        sunny_bevel_color: Ref((Void -> rgb::Rgb)),
                        surround_color: Ref({ blue: Float, green: Float, red: Float}), text_color: Ref((Void -> rgb::Rgb))}
in expression:
  (\ { current_gadget_colors => current_gadget_colors, ... }=> current_gadget_colors) theme
src/lib/x-kit/widget/xkit/theme/packed/default/packed-theme-imp.pkg:403.4-403.72 Error: Operator and operand do not agree [type mismatch]
operator domain: (Oneshot_Maildrop(((Me_Slot, Exports))), ((Me_Slot, Exports)))
operand:            (   Oneshot_Maildrop(((Me_Slot, Exports))),
                            ((  Me_Slot,
                                    {
                                    packed_theme:
                                        { do_something: Int -> Void,
                                        lavish_darkening: Ref((rgb::Rgb -> { blue: Float, green: Float, red: Float})),
                                        lavish_graying: Ref((rgb::Rgb -> { blue: Float, green: Float, red: Float})),
                                        lavish_lightening: Ref((rgb::Rgb -> { blue: Float, green: Float, red: Float})),
                                        medium_darkening: Ref((rgb::Rgb -> { blue: Float, green: Float, red: Float})),
                                        medium_graying: Ref((rgb::Rgb -> { blue: Float, green: Float, red: Float})),
                                        medium_lightening: Ref((rgb::Rgb -> { blue: Float, green: Float, red: Float})),
                                        mouse_focus_body_color: Ref((Void -> rgb::Rgb)), normal_body_color: Ref((Void -> rgb::Rgb)),
                                        packedspace: guiboss_to_packedspace::Packedspace_Arg -> packedspace_imp::Packedspace_Egg,
                                        rgb_to_rgb8:
                                          Ref(
                                            (   { body_color: rgb::Rgb, lowerright_bevel_color: rgb::Rgb, surround_color: rgb::Rgb,
                                                text_color: rgb::Rgb, upperleft_bevel_color: rgb::Rgb}
                                            -> Gadget_Palette
                                            )
                                          )
                                        , shady_bevel_color: Ref((Void -> rgb::Rgb)),
                                        slight_darkening: Ref((rgb::Rgb -> { blue: Float, green: Float, red: Float})),
                                        slight_graying: Ref((rgb::Rgb -> { blue: Float, green: Float, red: Float})),
                                        slight_lightening: Ref((rgb::Rgb -> { blue: Float, green: Float, red: Float})),
                                        sunny_bevel_color: Ref((Void -> rgb::Rgb)),
                                        surround_color: Ref({ blue: Float, green: Float, red: Float}), text_color: Ref((Void -> rgb::Rgb))}
                                    }
                            ))
                    )
in expression:
  put_in_oneshot (reply_oneshot, (me_slot, { packed_theme => theme}))
Error:                    build-xkit-lib:   FAILED TO CREATE        src/lib/x-kit/xkit.lib.frozen
make[1]: *** [src/lib/x-kit/xkit.lib.frozen] Error 1
make[1]: Leaving directory `/mythryl7/mythryl7.110.58/mythryl7.110.58'
make: *** [rest2] Error 2
cynbe@al mythryl7.110.58/mythryl7.110.58% 